../Core/Src/main.c:1249:6:handleSpi2	8	static
../Core/Src/main.c:1128:6:blink	8	static
../Core/Src/main.c:1182:6:handleRs485	24	static
../Core/Src/main.c:1268:6:handleUsbTx	8	static
../Core/Src/main.c:290:6:JumpToBootloader	8	static,ignoring_inline_asm
../Core/Src/main.c:938:6:HAL_FLASH_EndOfOperationCallback	0	static
../Core/Src/main.c:945:6:HAL_SPI_TxCpltCallback	0	static
../Core/Src/main.c:953:6:HAL_SPI_RxCpltCallback	0	static
../Core/Src/main.c:961:6:HAL_UARTEx_RxEventCallback	0	static
../Core/Src/main.c:968:6:HAL_UART_TxCpltCallback	0	static
../Core/Src/main.c:974:6:HAL_FDCAN_RxFifo0Callback	8	static
../Core/Src/main.c:985:6:HAL_FDCAN_TxBufferCompleteCallback	0	static
../Core/Src/main.c:992:6:transmitUsb	0	static
../Core/Src/main.c:996:10:calculateCrc	0	static
../Core/Src/main.c:1289:6:HAL_TIM_PeriodElapsedCallback	0	static
../Core/Src/main.c:1306:6:Error_Handler	16	static,ignoring_inline_asm
../Core/Src/main.c:498:6:SystemClock_Config	88	static
../Core/Src/main.c:308:5:main	80	static
../Core/Src/main.c:1008:6:handleUsbRx	56	static,ignoring_inline_asm
../Core/Src/main.c:1214:6:handleFdCan	8	static
