../Core/Src/main.c:1239:6:handleSpi2	8	static
../Core/Src/main.c:1118:6:blink	8	static
../Core/Src/main.c:1172:6:handleRs485	8	static
../Core/Src/main.c:1258:6:handleUsbTx	8	static
../Core/Src/main.c:291:6:JumpToBootloader	8	static,ignoring_inline_asm
../Core/Src/main.c:939:6:HAL_FLASH_EndOfOperationCallback	0	static
../Core/Src/main.c:946:6:HAL_SPI_TxCpltCallback	0	static
../Core/Src/main.c:954:6:HAL_SPI_RxCpltCallback	0	static
../Core/Src/main.c:962:6:HAL_UART_RxCpltCallback	0	static
../Core/Src/main.c:967:6:HAL_UART_TxCpltCallback	0	static
../Core/Src/main.c:973:6:HAL_FDCAN_RxFifo0Callback	8	static
../Core/Src/main.c:984:6:HAL_FDCAN_TxBufferCompleteCallback	0	static
../Core/Src/main.c:1279:6:HAL_TIM_PeriodElapsedCallback	0	static
../Core/Src/main.c:1296:6:Error_Handler	16	static,ignoring_inline_asm
../Core/Src/main.c:499:6:SystemClock_Config	88	static
../Core/Src/main.c:309:5:main	80	static
../Core/Src/main.c:1000:6:handleUsbRx	56	static,ignoring_inline_asm
../Core/Src/main.c:1204:6:handleFdCan	8	static
