../Core/Src/main.c:1183:6:handleSpi2	8	static
../Core/Src/main.c:1062:6:blink	8	static
../Core/Src/main.c:1116:6:handleRs485	24	static
../Core/Src/main.c:260:6:JumpToBootloader	8	static,ignoring_inline_asm
../Core/Src/main.c:903:6:HAL_FLASH_EndOfOperationCallback	0	static
../Core/Src/main.c:910:6:HAL_SPI_TxCpltCallback	0	static
../Core/Src/main.c:918:6:HAL_SPI_RxCpltCallback	0	static
../Core/Src/main.c:926:6:HAL_UARTEx_RxEventCallback	8	static
../Core/Src/main.c:934:6:HAL_UART_TxCpltCallback	0	static
../Core/Src/main.c:940:6:HAL_FDCAN_RxFifo0Callback	8	static
../Core/Src/main.c:951:6:HAL_FDCAN_TxBufferCompleteCallback	0	static
../Core/Src/main.c:958:10:calculateCrc	0	static
../Core/Src/main.c:962:5:_write	24	static
../Core/Src/main.c:975:6:nextChar	16	static
../Core/Src/main.c:1043:6:handleUsbRx	8	static
../Core/Src/main.c:988:6:startDfu	16	static,ignoring_inline_asm
../Core/Src/main.c:1006:6:doRs485Test	16	static
../Core/Src/main.c:1203:6:HAL_TIM_PeriodElapsedCallback	0	static
../Core/Src/main.c:1220:6:Error_Handler	16	static,ignoring_inline_asm
../Core/Src/main.c:459:6:SystemClock_Config	88	static
../Core/Src/main.c:278:5:main	80	static
../Core/Src/main.c:1025:6:doFdCanTest	8	static
../Core/Src/main.c:1151:6:handleFdCan	8	static
