../Core/Src/stm32g4xx_it.c:79:6:NMI_Handler	8	static
../Core/Src/stm32g4xx_it.c:95:6:HardFault_Handler	0	static
../Core/Src/stm32g4xx_it.c:110:6:MemManage_Handler	0	static
../Core/Src/stm32g4xx_it.c:125:6:BusFault_Handler	0	static
../Core/Src/stm32g4xx_it.c:140:6:UsageFault_Handler	0	static
../Core/Src/stm32g4xx_it.c:155:6:DebugMon_Handler	0	static
../Core/Src/stm32g4xx_it.c:175:6:DMA1_Channel1_IRQHandler	0	static
../Core/Src/stm32g4xx_it.c:189:6:DMA1_Channel2_IRQHandler	0	static
../Core/Src/stm32g4xx_it.c:203:6:DMA1_Channel3_IRQHandler	0	static
../Core/Src/stm32g4xx_it.c:217:6:DMA1_Channel4_IRQHandler	0	static
../Core/Src/stm32g4xx_it.c:231:6:DMA1_Channel5_IRQHandler	0	static
../Core/Src/stm32g4xx_it.c:245:6:DMA1_Channel6_IRQHandler	0	static
../Core/Src/stm32g4xx_it.c:259:6:USB_LP_IRQHandler	0	static
../Core/Src/stm32g4xx_it.c:273:6:FDCAN1_IT0_IRQHandler	0	static
../Core/Src/stm32g4xx_it.c:287:6:TIM1_UP_TIM16_IRQHandler	0	static
../Core/Src/stm32g4xx_it.c:301:6:USART2_IRQHandler	0	static
