../Core/Src/stm32g4xx_hal_msp.c:75:6:HAL_MspInit	8	static
../Core/Src/stm32g4xx_hal_msp.c:99:6:HAL_CRC_MspInit	8	static
../Core/Src/stm32g4xx_hal_msp.c:121:6:HAL_CRC_MspDeInit	0	static
../Core/Src/stm32g4xx_hal_msp.c:143:6:HAL_FDCAN_MspInit	104	static
../Core/Src/stm32g4xx_hal_msp.c:193:6:HAL_FDCAN_MspDeInit	8	static
../Core/Src/stm32g4xx_hal_msp.c:224:6:HAL_RTC_MspInit	80	static
../Core/Src/stm32g4xx_hal_msp.c:259:6:HAL_RTC_MspDeInit	0	static
../Core/Src/stm32g4xx_hal_msp.c:282:6:HAL_SPI_MspInit	56	static
../Core/Src/stm32g4xx_hal_msp.c:414:6:HAL_SPI_MspDeInit	8	static
../Core/Src/stm32g4xx_hal_msp.c:469:6:HAL_UART_MspInit	112	static
../Core/Src/stm32g4xx_hal_msp.c:555:6:HAL_UART_MspDeInit	8	static
