../Core/Src/stm32g4xx_hal_msp.c:74:6:HAL_MspInit	8	static
../Core/Src/stm32g4xx_hal_msp.c:98:6:HAL_CRC_MspInit	8	static
../Core/Src/stm32g4xx_hal_msp.c:120:6:HAL_CRC_MspDeInit	0	static
../Core/Src/stm32g4xx_hal_msp.c:142:6:HAL_FDCAN_MspInit	104	static
../Core/Src/stm32g4xx_hal_msp.c:192:6:HAL_FDCAN_MspDeInit	8	static
../Core/Src/stm32g4xx_hal_msp.c:223:6:HAL_RTC_MspInit	80	static
../Core/Src/stm32g4xx_hal_msp.c:258:6:HAL_RTC_MspDeInit	0	static
../Core/Src/stm32g4xx_hal_msp.c:281:6:HAL_SPI_MspInit	56	static
../Core/Src/stm32g4xx_hal_msp.c:413:6:HAL_SPI_MspDeInit	8	static
../Core/Src/stm32g4xx_hal_msp.c:468:6:HAL_UART_MspInit	112	static
../Core/Src/stm32g4xx_hal_msp.c:554:6:HAL_UART_MspDeInit	8	static
