../Drivers/STM32G4xx_HAL_Driver/Src/stm32g4xx_hal_rtc.c:804:13:HAL_RTC_MspInit	0	static
../Drivers/STM32G4xx_HAL_Driver/Src/stm32g4xx_hal_rtc.c:819:13:HAL_RTC_MspDeInit	0	static
../Drivers/STM32G4xx_HAL_Driver/Src/stm32g4xx_hal_rtc.c:1520:19:HAL_RTC_DeactivateAlarm	16	static
../Drivers/STM32G4xx_HAL_Driver/Src/stm32g4xx_hal_rtc.c:1714:13:HAL_RTC_AlarmAEventCallback	0	static
../Drivers/STM32G4xx_HAL_Driver/Src/stm32g4xx_hal_rtc.c:1672:6:HAL_RTC_AlarmIRQHandler	16	static
../Drivers/STM32G4xx_HAL_Driver/Src/stm32g4xx_hal_rtc.c:1730:19:HAL_RTC_PollForAlarmAEvent	16	static
../Drivers/STM32G4xx_HAL_Driver/Src/stm32g4xx_hal_rtc.c:1793:19:HAL_RTC_WaitForSynchro	16	static
../Drivers/STM32G4xx_HAL_Driver/Src/stm32g4xx_hal_rtc.c:1837:21:HAL_RTC_GetState	0	static
../Drivers/STM32G4xx_HAL_Driver/Src/stm32g4xx_hal_rtc.c:1860:19:RTC_EnterInitMode	24	static
../Drivers/STM32G4xx_HAL_Driver/Src/stm32g4xx_hal_rtc.c:420:19:HAL_RTC_DeInit	16	static
../Drivers/STM32G4xx_HAL_Driver/Src/stm32g4xx_hal_rtc.c:1892:19:RTC_ExitInitMode	8	static
../Drivers/STM32G4xx_HAL_Driver/Src/stm32g4xx_hal_rtc.c:301:19:HAL_RTC_Init	16	static
../Drivers/STM32G4xx_HAL_Driver/Src/stm32g4xx_hal_rtc.c:1931:9:RTC_ByteToBcd2	0	static
../Drivers/STM32G4xx_HAL_Driver/Src/stm32g4xx_hal_rtc.c:857:19:HAL_RTC_SetTime	24	static
../Drivers/STM32G4xx_HAL_Driver/Src/stm32g4xx_hal_rtc.c:1008:19:HAL_RTC_SetDate	24	static
../Drivers/STM32G4xx_HAL_Driver/Src/stm32g4xx_hal_rtc.c:1146:19:HAL_RTC_SetAlarm	40	static
../Drivers/STM32G4xx_HAL_Driver/Src/stm32g4xx_hal_rtc.c:1333:19:HAL_RTC_SetAlarm_IT	40	static
../Drivers/STM32G4xx_HAL_Driver/Src/stm32g4xx_hal_rtc.c:1950:9:RTC_Bcd2ToByte	0	static
../Drivers/STM32G4xx_HAL_Driver/Src/stm32g4xx_hal_rtc.c:964:19:HAL_RTC_GetTime	16	static
../Drivers/STM32G4xx_HAL_Driver/Src/stm32g4xx_hal_rtc.c:1092:19:HAL_RTC_GetDate	16	static
../Drivers/STM32G4xx_HAL_Driver/Src/stm32g4xx_hal_rtc.c:1612:19:HAL_RTC_GetAlarm	8	static
../Drivers/STM32G4xx_HAL_Driver/Src/stm32g4xx_hal_rtc.c:1963:6:HAL_RTC_DST_Add1Hour	0	static
../Drivers/STM32G4xx_HAL_Driver/Src/stm32g4xx_hal_rtc.c:1976:6:HAL_RTC_DST_Sub1Hour	0	static
../Drivers/STM32G4xx_HAL_Driver/Src/stm32g4xx_hal_rtc.c:1989:6:HAL_RTC_DST_SetStoreOperation	0	static
../Drivers/STM32G4xx_HAL_Driver/Src/stm32g4xx_hal_rtc.c:2001:6:HAL_RTC_DST_ClearStoreOperation	0	static
../Drivers/STM32G4xx_HAL_Driver/Src/stm32g4xx_hal_rtc.c:2013:10:HAL_RTC_DST_ReadStoreOperation	0	static
