../Drivers/CMSIS/Include/core_cm4.h:1933:34:__NVIC_SystemReset	4	static,ignoring_inline_asm
../Core/Src/main.c:104:6:JumpToBootloader	24	static,ignoring_inline_asm
../Core/Src/main.c:124:5:main	8	static
../Core/Src/main.c:238:6:SystemClock_Config	88	static
../Core/Src/main.c:289:13:MX_RTC_Init	8	static
../Core/Src/main.c:326:13:MX_GPIO_Init	40	static
../Core/Src/main.c:358:6:StartDefaultTask	16	static
../Core/Src/main.c:376:6:blink	16	static
../Core/Src/main.c:397:6:handleUsb	48	dynamic
../Core/Src/main.c:435:6:HAL_TIM_PeriodElapsedCallback	16	static
../Core/Src/main.c:452:6:Error_Handler	4	static,ignoring_inline_asm
