Archive member included to satisfy reference by file (symbol)

/Applications/STM32CubeIDE.app/Contents/Eclipse/plugins/com.st.stm32cube.ide.mcu.externaltools.gnu-tools-for-stm32.10.3-2021.10.macos64_1.0.0.202111181127/tools/bin/../lib/gcc/arm-none-eabi/10.3.1/../../../../arm-none-eabi/lib/thumb/v7e-m+fp/hard/libc_nano.a(lib_a-errno.o)
                              ./Core/Src/syscalls.o (__errno)
/Applications/STM32CubeIDE.app/Contents/Eclipse/plugins/com.st.stm32cube.ide.mcu.externaltools.gnu-tools-for-stm32.10.3-2021.10.macos64_1.0.0.202111181127/tools/bin/../lib/gcc/arm-none-eabi/10.3.1/../../../../arm-none-eabi/lib/thumb/v7e-m+fp/hard/libc_nano.a(lib_a-exit.o)
                              /Applications/STM32CubeIDE.app/Contents/Eclipse/plugins/com.st.stm32cube.ide.mcu.externaltools.gnu-tools-for-stm32.10.3-2021.10.macos64_1.0.0.202111181127/tools/bin/../lib/gcc/arm-none-eabi/10.3.1/../../../../arm-none-eabi/lib/thumb/v7e-m+fp/hard/crt0.o (exit)
/Applications/STM32CubeIDE.app/Contents/Eclipse/plugins/com.st.stm32cube.ide.mcu.externaltools.gnu-tools-for-stm32.10.3-2021.10.macos64_1.0.0.202111181127/tools/bin/../lib/gcc/arm-none-eabi/10.3.1/../../../../arm-none-eabi/lib/thumb/v7e-m+fp/hard/libc_nano.a(lib_a-findfp.o)
                              ./Middlewares/Third_Party/FreeRTOS/Source/tasks.o (__sf_fake_stderr)
/Applications/STM32CubeIDE.app/Contents/Eclipse/plugins/com.st.stm32cube.ide.mcu.externaltools.gnu-tools-for-stm32.10.3-2021.10.macos64_1.0.0.202111181127/tools/bin/../lib/gcc/arm-none-eabi/10.3.1/../../../../arm-none-eabi/lib/thumb/v7e-m+fp/hard/libc_nano.a(lib_a-fwalk.o)
                              /Applications/STM32CubeIDE.app/Contents/Eclipse/plugins/com.st.stm32cube.ide.mcu.externaltools.gnu-tools-for-stm32.10.3-2021.10.macos64_1.0.0.202111181127/tools/bin/../lib/gcc/arm-none-eabi/10.3.1/../../../../arm-none-eabi/lib/thumb/v7e-m+fp/hard/libc_nano.a(lib_a-findfp.o) (_fwalk)
/Applications/STM32CubeIDE.app/Contents/Eclipse/plugins/com.st.stm32cube.ide.mcu.externaltools.gnu-tools-for-stm32.10.3-2021.10.macos64_1.0.0.202111181127/tools/bin/../lib/gcc/arm-none-eabi/10.3.1/../../../../arm-none-eabi/lib/thumb/v7e-m+fp/hard/libc_nano.a(lib_a-impure.o)
                              /Applications/STM32CubeIDE.app/Contents/Eclipse/plugins/com.st.stm32cube.ide.mcu.externaltools.gnu-tools-for-stm32.10.3-2021.10.macos64_1.0.0.202111181127/tools/bin/../lib/gcc/arm-none-eabi/10.3.1/../../../../arm-none-eabi/lib/thumb/v7e-m+fp/hard/libc_nano.a(lib_a-exit.o) (_global_impure_ptr)
/Applications/STM32CubeIDE.app/Contents/Eclipse/plugins/com.st.stm32cube.ide.mcu.externaltools.gnu-tools-for-stm32.10.3-2021.10.macos64_1.0.0.202111181127/tools/bin/../lib/gcc/arm-none-eabi/10.3.1/../../../../arm-none-eabi/lib/thumb/v7e-m+fp/hard/libc_nano.a(lib_a-init.o)
                              /Applications/STM32CubeIDE.app/Contents/Eclipse/plugins/com.st.stm32cube.ide.mcu.externaltools.gnu-tools-for-stm32.10.3-2021.10.macos64_1.0.0.202111181127/tools/bin/../lib/gcc/arm-none-eabi/10.3.1/../../../../arm-none-eabi/lib/thumb/v7e-m+fp/hard/crt0.o (__libc_init_array)
/Applications/STM32CubeIDE.app/Contents/Eclipse/plugins/com.st.stm32cube.ide.mcu.externaltools.gnu-tools-for-stm32.10.3-2021.10.macos64_1.0.0.202111181127/tools/bin/../lib/gcc/arm-none-eabi/10.3.1/../../../../arm-none-eabi/lib/thumb/v7e-m+fp/hard/libc_nano.a(lib_a-lock.o)
                              /Applications/STM32CubeIDE.app/Contents/Eclipse/plugins/com.st.stm32cube.ide.mcu.externaltools.gnu-tools-for-stm32.10.3-2021.10.macos64_1.0.0.202111181127/tools/bin/../lib/gcc/arm-none-eabi/10.3.1/../../../../arm-none-eabi/lib/thumb/v7e-m+fp/hard/libc_nano.a(lib_a-findfp.o) (__retarget_lock_init_recursive)
/Applications/STM32CubeIDE.app/Contents/Eclipse/plugins/com.st.stm32cube.ide.mcu.externaltools.gnu-tools-for-stm32.10.3-2021.10.macos64_1.0.0.202111181127/tools/bin/../lib/gcc/arm-none-eabi/10.3.1/../../../../arm-none-eabi/lib/thumb/v7e-m+fp/hard/libc_nano.a(lib_a-memcmp.o)
                              ./Core/Src/main.o (memcmp)
/Applications/STM32CubeIDE.app/Contents/Eclipse/plugins/com.st.stm32cube.ide.mcu.externaltools.gnu-tools-for-stm32.10.3-2021.10.macos64_1.0.0.202111181127/tools/bin/../lib/gcc/arm-none-eabi/10.3.1/../../../../arm-none-eabi/lib/thumb/v7e-m+fp/hard/libc_nano.a(lib_a-memcpy-stub.o)
                              ./Core/Src/main.o (memcpy)
/Applications/STM32CubeIDE.app/Contents/Eclipse/plugins/com.st.stm32cube.ide.mcu.externaltools.gnu-tools-for-stm32.10.3-2021.10.macos64_1.0.0.202111181127/tools/bin/../lib/gcc/arm-none-eabi/10.3.1/../../../../arm-none-eabi/lib/thumb/v7e-m+fp/hard/libc_nano.a(lib_a-memset.o)
                              /Applications/STM32CubeIDE.app/Contents/Eclipse/plugins/com.st.stm32cube.ide.mcu.externaltools.gnu-tools-for-stm32.10.3-2021.10.macos64_1.0.0.202111181127/tools/bin/../lib/gcc/arm-none-eabi/10.3.1/../../../../arm-none-eabi/lib/thumb/v7e-m+fp/hard/crt0.o (memset)
[...]
Memory Configuration

Name             Origin             Length             Attributes
RAM              0x0000000020000000 0x0000000000008000 xrw
FLASH            0x0000000008000000 0x0000000000020000 xr
*default*        0x0000000000000000 0xffffffffffffffff

Linker script and memory map

LOAD /Applications/STM32CubeIDE.app/Contents/Eclipse/plugins/com.st.stm32cube.ide.mcu.externaltools.gnu-tools-for-stm32.10.3-2021.10.macos64_1.0.0.202111181127/tools/bin/../lib/gcc/arm-none-eabi/10.3.1/thumb/v7e-m+fp/hard/crti.o
LOAD /Applications/STM32CubeIDE.app/Contents/Eclipse/plugins/com.st.stm32cube.ide.mcu.externaltools.gnu-tools-for-stm32.10.3-2021.10.macos64_1.0.0.202111181127/tools/bin/../lib/gcc/arm-none-eabi/10.3.1/thumb/v7e-m+fp/hard/crtbegin.o
LOAD /Applications/STM32CubeIDE.app/Contents/Eclipse/plugins/com.st.stm32cube.ide.mcu.externaltools.gnu-tools-for-stm32.10.3-2021.10.macos64_1.0.0.202111181127/tools/bin/../lib/gcc/arm-none-eabi/10.3.1/../../../../arm-none-eabi/lib/thumb/v7e-m+fp/hard/crt0.o
LOAD ./3rd_party/tmc/helpers/CRC.o
LOAD ./3rd_party/tmc/helpers/Functions.o
LOAD ./3rd_party/tmc/ic/TMC4671/TMC4671.o
LOAD ./Core/Src/acs711.o
LOAD ./Core/Src/app_freertos.o
LOAD ./Core/Src/config.o
LOAD ./Core/Src/drv8320h.o
LOAD ./Core/Src/gray_encoder.o
LOAD ./Core/Src/main.o
LOAD ./Core/Src/stm32g4xx_hal_msp.o
LOAD ./Core/Src/stm32g4xx_hal_timebase_tim.o
LOAD ./Core/Src/stm32g4xx_it.o
LOAD ./Core/Src/syscalls.o
LOAD ./Core/Src/sysmem.o
LOAD ./Core/Src/system_stm32g4xx.o
LOAD ./Core/Src/tmc4671.o
LOAD ./Core/Startup/startup_stm32g431cbux.o
LOAD ./Drivers/STM32G4xx_HAL_Driver/Src/stm32g4xx_hal.o
LOAD ./Drivers/STM32G4xx_HAL_Driver/Src/stm32g4xx_hal_cortex.o
LOAD ./Drivers/STM32G4xx_HAL_Driver/Src/stm32g4xx_hal_crc.o
LOAD ./Drivers/STM32G4xx_HAL_Driver/Src/stm32g4xx_hal_crc_ex.o
LOAD ./Drivers/STM32G4xx_HAL_Driver/Src/stm32g4xx_hal_dma.o
LOAD ./Drivers/STM32G4xx_HAL_Driver/Src/stm32g4xx_hal_dma_ex.o
LOAD ./Drivers/STM32G4xx_HAL_Driver/Src/stm32g4xx_hal_exti.o
LOAD ./Drivers/STM32G4xx_HAL_Driver/Src/stm32g4xx_hal_fdcan.o
LOAD ./Drivers/STM32G4xx_HAL_Driver/Src/stm32g4xx_hal_flash.o
LOAD ./Drivers/STM32G4xx_HAL_Driver/Src/stm32g4xx_hal_flash_ex.o
LOAD ./Drivers/STM32G4xx_HAL_Driver/Src/stm32g4xx_hal_flash_ramfunc.o
LOAD ./Drivers/STM32G4xx_HAL_Driver/Src/stm32g4xx_hal_gpio.o
LOAD ./Drivers/STM32G4xx_HAL_Driver/Src/stm32g4xx_hal_pcd.o
LOAD ./Drivers/STM32G4xx_HAL_Driver/Src/stm32g4xx_hal_pcd_ex.o
LOAD ./Drivers/STM32G4xx_HAL_Driver/Src/stm32g4xx_hal_pwr.o
LOAD ./Drivers/STM32G4xx_HAL_Driver/Src/stm32g4xx_hal_pwr_ex.o
LOAD ./Drivers/STM32G4xx_HAL_Driver/Src/stm32g4xx_hal_rcc.o
LOAD ./Drivers/STM32G4xx_HAL_Driver/Src/stm32g4xx_hal_rcc_ex.o
LOAD ./Drivers/STM32G4xx_HAL_Driver/Src/stm32g4xx_hal_rtc.o
LOAD ./Drivers/STM32G4xx_HAL_Driver/Src/stm32g4xx_hal_rtc_ex.o
LOAD ./Drivers/STM32G4xx_HAL_Driver/Src/stm32g4xx_hal_spi.o
LOAD ./Drivers/STM32G4xx_HAL_Driver/Src/stm32g4xx_hal_spi_ex.o
LOAD ./Drivers/STM32G4xx_HAL_Driver/Src/stm32g4xx_hal_tim.o
LOAD ./Drivers/STM32G4xx_HAL_Driver/Src/stm32g4xx_hal_tim_ex.o
LOAD ./Drivers/STM32G4xx_HAL_Driver/Src/stm32g4xx_hal_uart.o
LOAD ./Drivers/STM32G4xx_HAL_Driver/Src/stm32g4xx_hal_uart_ex.o
LOAD ./Drivers/STM32G4xx_HAL_Driver/Src/stm32g4xx_ll_usb.o
LOAD ./Middlewares/ST/EEPROM_Emul/Core/eeprom_emul.o
LOAD ./Middlewares/ST/EEPROM_Emul/Porting/STM32G4/flash_interface.o
LOAD ./Middlewares/ST/STM32_USB_Device_Library/Class/CDC/Src/usbd_cdc.o
LOAD ./Middlewares/ST/STM32_USB_Device_Library/Core/Src/usbd_core.o
LOAD ./Middlewares/ST/STM32_USB_Device_Library/Core/Src/usbd_ctlreq.o
LOAD ./Middlewares/ST/STM32_USB_Device_Library/Core/Src/usbd_ioreq.o
LOAD ./Middlewares/Third_Party/FreeRTOS/Source/CMSIS_RTOS_V2/cmsis_os2.o
LOAD ./Middlewares/Third_Party/FreeRTOS/Source/croutine.o
LOAD ./Middlewares/Third_Party/FreeRTOS/Source/event_groups.o
LOAD ./Middlewares/Third_Party/FreeRTOS/Source/list.o
LOAD ./Middlewares/Third_Party/FreeRTOS/Source/queue.o
LOAD ./Middlewares/Third_Party/FreeRTOS/Source/stream_buffer.o
LOAD ./Middlewares/Third_Party/FreeRTOS/Source/tasks.o
LOAD ./Middlewares/Third_Party/FreeRTOS/Source/timers.o
LOAD ./Middlewares/Third_Party/FreeRTOS/Source/portable/GCC/ARM_CM4F/port.o
LOAD ./Middlewares/Third_Party/FreeRTOS/Source/portable/MemMang/heap_4.o
LOAD ./USB_Device/App/usb_device.o
LOAD ./USB_Device/App/usbd_cdc_if.o
LOAD ./USB_Device/App/usbd_desc.o
LOAD ./USB_Device/Target/usbd_conf.o
START GROUP
LOAD /Applications/STM32CubeIDE.app/Contents/Eclipse/plugins/com.st.stm32cube.ide.mcu.externaltools.gnu-tools-for-stm32.10.3-2021.10.macos64_1.0.0.202111181127/tools/bin/../lib/gcc/arm-none-eabi/10.3.1/../../../../arm-none-eabi/lib/thumb/v7e-m+fp/hard/libc_nano.a
LOAD /Applications/STM32CubeIDE.app/Contents/Eclipse/plugins/com.st.stm32cube.ide.mcu.externaltools.gnu-tools-for-stm32.10.3-2021.10.macos64_1.0.0.202111181127/tools/bin/../lib/gcc/arm-none-eabi/10.3.1/../../../../arm-none-eabi/lib/thumb/v7e-m+fp/hard/libm.a
END GROUP
START GROUP
LOAD /Applications/STM32CubeIDE.app/Contents/Eclipse/plugins/com.st.stm32cube.ide.mcu.externaltools.gnu-tools-for-stm32.10.3-2021.10.macos64_1.0.0.202111181127/tools/bin/../lib/gcc/arm-none-eabi/10.3.1/thumb/v7e-m+fp/hard/libgcc.a
LOAD /Applications/STM32CubeIDE.app/Contents/Eclipse/plugins/com.st.stm32cube.ide.mcu.externaltools.gnu-tools-for-stm32.10.3-2021.10.macos64_1.0.0.202111181127/tools/bin/../lib/gcc/arm-none-eabi/10.3.1/../../../../arm-none-eabi/lib/thumb/v7e-m+fp/hard/libc_nano.a
END GROUP
START GROUP
LOAD /Applications/STM32CubeIDE.app/Contents/Eclipse/plugins/com.st.stm32cube.ide.mcu.externaltools.gnu-tools-for-stm32.10.3-2021.10.macos64_1.0.0.202111181127/tools/bin/../lib/gcc/arm-none-eabi/10.3.1/thumb/v7e-m+fp/hard/libgcc.a
LOAD /Applications/STM32CubeIDE.app/Contents/Eclipse/plugins/com.st.stm32cube.ide.mcu.externaltools.gnu-tools-for-stm32.10.3-2021.10.macos64_1.0.0.202111181127/tools/bin/../lib/gcc/arm-none-eabi/10.3.1/../../../../arm-none-eabi/lib/thumb/v7e-m+fp/hard/libc_nano.a
LOAD /Applications/STM32CubeIDE.app/Contents/Eclipse/plugins/com.st.stm32cube.ide.mcu.externaltools.gnu-tools-for-stm32.10.3-2021.10.macos64_1.0.0.202111181127/tools/bin/../lib/gcc/arm-none-eabi/10.3.1/../../../../arm-none-eabi/lib/thumb/v7e-m+fp/hard/libnosys.a
END GROUP
START GROUP
LOAD /Applications/STM32CubeIDE.app/Contents/Eclipse/plugins/com.st.stm32cube.ide.mcu.externaltools.gnu-tools-for-stm32.10.3-2021.10.macos64_1.0.0.202111181127/tools/bin/../lib/gcc/arm-none-eabi/10.3.1/thumb/v7e-m+fp/hard/libgcc.a
LOAD /Applications/STM32CubeIDE.app/Contents/Eclipse/plugins/com.st.stm32cube.ide.mcu.externaltools.gnu-tools-for-stm32.10.3-2021.10.macos64_1.0.0.202111181127/tools/bin/../lib/gcc/arm-none-eabi/10.3.1/../../../../arm-none-eabi/lib/thumb/v7e-m+fp/hard/libc_nano.a
LOAD /Applications/STM32CubeIDE.app/Contents/Eclipse/plugins/com.st.stm32cube.ide.mcu.externaltools.gnu-tools-for-stm32.10.3-2021.10.macos64_1.0.0.202111181127/tools/bin/../lib/gcc/arm-none-eabi/10.3.1/../../../../arm-none-eabi/lib/thumb/v7e-m+fp/hard/libnosys.a
END GROUP
LOAD /Applications/STM32CubeIDE.app/Contents/Eclipse/plugins/com.st.stm32cube.ide.mcu.externaltools.gnu-tools-for-stm32.10.3-2021.10.macos64_1.0.0.202111181127/tools/bin/../lib/gcc/arm-none-eabi/10.3.1/thumb/v7e-m+fp/hard/crtend.o
LOAD /Applications/STM32CubeIDE.app/Contents/Eclipse/plugins/com.st.stm32cube.ide.mcu.externaltools.gnu-tools-for-stm32.10.3-2021.10.macos64_1.0.0.202111181127/tools/bin/../lib/gcc/arm-none-eabi/10.3.1/thumb/v7e-m+fp/hard/crtn.o
                0x0000000020008000                _estack = (ORIGIN (RAM) + LENGTH (RAM))
                0x0000000000000800                _Min_Heap_Size = 0x800
                0x0000000000000800                _Min_Stack_Size = 0x800

.isr_vector     0x0000000008000000      0x1d8
                0x0000000008000000                . = ALIGN (0x4)
 *(.isr_vector)
 .isr_vector    0x0000000008000000      0x1d8 ./Core/Startup/startup_stm32g431cbux.o
                0x0000000008000000                g_pfnVectors
                0x00000000080001d8                . = ALIGN (0x4)

.text           0x00000000080001e0     0xb260
                0x00000000080001e0                . = ALIGN (0x4)
 *(.text)
 .text          0x00000000080001e0       0x40 /Applications/STM32CubeIDE.app/Contents/Eclipse/plugins/com.st.stm32cube.ide.mcu.externaltools.gnu-tools-for-stm32.10.3-2021.10.macos64_1.0.0.202111181127/tools/bin/../lib/gcc/arm-none-eabi/10.3.1/thumb/v7e-m+fp/hard/crtbegin.o
 .text          0x0000000008000220       0xa0 /Applications/STM32CubeIDE.app/Contents/Eclipse/plugins/com.st.stm32cube.ide.mcu.externaltools.gnu-tools-for-stm32.10.3-2021.10.macos64_1.0.0.202111181127/tools/bin/../lib/gcc/arm-none-eabi/10.3.1/../../../../arm-none-eabi/lib/thumb/v7e-m+fp/hard/libc_nano.a(lib_a-memchr.o)
                0x0000000008000220                memchr
 .text          0x00000000080002c0       0x30 /Applications/STM32CubeIDE.app/Contents/Eclipse/plugins/com.st.stm32cube.ide.mcu.externaltools.gnu-tools-for-stm32.10.3-2021.10.macos64_1.0.0.202111181127/tools/bin/../lib/gcc/arm-none-eabi/10.3.1/thumb/v7e-m+fp/hard/libgcc.a(_aeabi_uldivmod.o)
                0x00000000080002c0                __aeabi_uldivmod
 .text          0x00000000080002f0      0x2d0 /Applications/STM32CubeIDE.app/Contents/Eclipse/plugins/com.st.stm32cube.ide.mcu.externaltools.gnu-tools-for-stm32.10.3-2021.10.macos64_1.0.0.202111181127/tools/bin/../lib/gcc/arm-none-eabi/10.3.1/thumb/v7e-m+fp/hard/libgcc.a(_udivmoddi4.o)
                0x00000000080002f0                __udivmoddi4
 .text          0x00000000080005c0        0x4 /Applications/STM32CubeIDE.app/Contents/Eclipse/plugins/com.st.stm32cube.ide.mcu.externaltools.gnu-tools-for-stm32.10.3-2021.10.macos64_1.0.0.202111181127/tools/bin/../lib/gcc/arm-none-eabi/10.3.1/thumb/v7e-m+fp/hard/libgcc.a(_dvmd_tls.o)
                0x00000000080005c0                __aeabi_ldiv0
                0x00000000080005c0                __aeabi_idiv0
 *(.text*)
 .text.hasAcs711Failure
                0x00000000080005c4        0xc ./Core/Src/acs711.o
                0x00000000080005c4                hasAcs711Failure
 .text.setPinState
                0x00000000080005d0       0x3e ./Core/Src/drv8320h.o
                0x00000000080005d0                setPinState
 .text.hasDrv8320hFailure
                0x000000000800060e       0x16 ./Core/Src/drv8320h.o
                0x000000000800060e                hasDrv8320hFailure
 .text.setDrv8320hMode
                0x0000000008000624       0x54 ./Core/Src/drv8320h.o
                0x0000000008000624                setDrv8320hMode
 .text.setDrv8320hIDrive
                0x0000000008000678       0xa0 ./Core/Src/drv8320h.o
                0x0000000008000678                setDrv8320hIDrive
 .text.setDrv8320hVdsOvercurrent
                0x0000000008000718       0xbc ./Core/Src/drv8320h.o
                0x0000000008000718                setDrv8320hVdsOvercurrent
 .text.initDrv8320h
                0x00000000080007d4       0x2a ./Core/Src/drv8320h.o
                0x00000000080007d4                initDrv8320h
 .text.resetDrv8320hFault
                0x00000000080007fe       0x48 ./Core/Src/drv8320h.o
                0x00000000080007fe                resetDrv8320hFault
 *fill*         0x0000000008000846        0x2 
 .text.handleSpi2
                0x0000000008000848       0x14 ./Core/Src/main.o
                0x0000000008000848                handleSpi2
 .text.blink    0x000000000800085c      0x158 ./Core/Src/main.o
                0x000000000800085c                blink
 .text.handleRs485
                0x00000000080009b4       0x9c ./Core/Src/main.o
                0x00000000080009b4                handleRs485
 .text.handleUsbTx
                0x0000000008000a50       0x38 ./Core/Src/main.o
                0x0000000008000a50                handleUsbTx
 .text.JumpToBootloader
                0x0000000008000a88       0x40 ./Core/Src/main.o
                0x0000000008000a88                JumpToBootloader
 .text.HAL_SPI_TxCpltCallback
                0x0000000008000ac8       0x2c ./Core/Src/main.o
                0x0000000008000ac8                HAL_SPI_TxCpltCallback
 .text.HAL_UART_RxCpltCallback
                0x0000000008000af4       0x1c ./Core/Src/main.o
                0x0000000008000af4                HAL_UART_RxCpltCallback
 .text.HAL_UART_TxCpltCallback
                0x0000000008000b10       0x1c ./Core/Src/main.o
                0x0000000008000b10                HAL_UART_TxCpltCallback
 .text.HAL_FDCAN_RxFifo0Callback
                0x0000000008000b2c       0x38 ./Core/Src/main.o
                0x0000000008000b2c                HAL_FDCAN_RxFifo0Callback
 .text.HAL_FDCAN_TxBufferCompleteCallback
                0x0000000008000b64       0x1c ./Core/Src/main.o
                0x0000000008000b64                HAL_FDCAN_TxBufferCompleteCallback
 .text.HAL_TIM_PeriodElapsedCallback
                0x0000000008000b80       0x14 ./Core/Src/main.o
                0x0000000008000b80                HAL_TIM_PeriodElapsedCallback
 .text.Error_Handler
                0x0000000008000b94       0x4c ./Core/Src/main.o
                0x0000000008000b94                Error_Handler
 .text.SystemClock_Config
                0x0000000008000be0       0x72 ./Core/Src/main.o
                0x0000000008000be0                SystemClock_Config
 *fill*         0x0000000008000c52        0x2 
 .text.startup.main
                0x0000000008000c54      0x60c ./Core/Src/main.o
                0x0000000008000c54                main
 .text.handleUsbRx
                0x0000000008001260      0x380 ./Core/Src/main.o
                0x0000000008001260                handleUsbRx
 .text.handleFdCan
                0x00000000080015e0       0x9c ./Core/Src/main.o
                0x00000000080015e0                handleFdCan
 .text.HAL_MspInit
                0x000000000800167c       0x3c ./Core/Src/stm32g4xx_hal_msp.o
                0x000000000800167c                HAL_MspInit
 .text.HAL_CRC_MspInit
                0x00000000080016b8       0x28 ./Core/Src/stm32g4xx_hal_msp.o
                0x00000000080016b8                HAL_CRC_MspInit
 .text.HAL_FDCAN_MspInit
                0x00000000080016e0       0x9c ./Core/Src/stm32g4xx_hal_msp.o
                0x00000000080016e0                HAL_FDCAN_MspInit
 .text.HAL_RTC_MspInit
                0x000000000800177c       0x5c ./Core/Src/stm32g4xx_hal_msp.o
                0x000000000800177c                HAL_RTC_MspInit
 .text.HAL_SPI_MspInit
                0x00000000080017d8      0x160 ./Core/Src/stm32g4xx_hal_msp.o
                0x00000000080017d8                HAL_SPI_MspInit
 .text.HAL_UART_MspInit
                0x0000000008001938       0xfc ./Core/Src/stm32g4xx_hal_msp.o
                0x0000000008001938                HAL_UART_MspInit
 .text.HAL_InitTick
                0x0000000008001a34       0x8c ./Core/Src/stm32g4xx_hal_timebase_tim.o
                0x0000000008001a34                HAL_InitTick
 .text.NMI_Handler
                0x0000000008001ac0        0x8 ./Core/Src/stm32g4xx_it.o
                0x0000000008001ac0                NMI_Handler
 .text.HardFault_Handler
                0x0000000008001ac8        0x2 ./Core/Src/stm32g4xx_it.o
                0x0000000008001ac8                HardFault_Handler
 .text.MemManage_Handler
                0x0000000008001aca        0x2 ./Core/Src/stm32g4xx_it.o
                0x0000000008001aca                MemManage_Handler
 .text.BusFault_Handler
                0x0000000008001acc        0x2 ./Core/Src/stm32g4xx_it.o
                0x0000000008001acc                BusFault_Handler
 .text.UsageFault_Handler
                0x0000000008001ace        0x2 ./Core/Src/stm32g4xx_it.o
                0x0000000008001ace                UsageFault_Handler
 .text.DebugMon_Handler
                0x0000000008001ad0        0x2 ./Core/Src/stm32g4xx_it.o
                0x0000000008001ad0                DebugMon_Handler
 *fill*         0x0000000008001ad2        0x2 
 .text.DMA1_Channel1_IRQHandler
                0x0000000008001ad4        0xc ./Core/Src/stm32g4xx_it.o
                0x0000000008001ad4                DMA1_Channel1_IRQHandler
 .text.DMA1_Channel2_IRQHandler
                0x0000000008001ae0        0xc ./Core/Src/stm32g4xx_it.o
                0x0000000008001ae0                DMA1_Channel2_IRQHandler
 .text.DMA1_Channel3_IRQHandler
                0x0000000008001aec        0xc ./Core/Src/stm32g4xx_it.o
                0x0000000008001aec                DMA1_Channel3_IRQHandler
 .text.DMA1_Channel4_IRQHandler
                0x0000000008001af8        0xc ./Core/Src/stm32g4xx_it.o
                0x0000000008001af8                DMA1_Channel4_IRQHandler
 .text.DMA1_Channel5_IRQHandler
                0x0000000008001b04        0xc ./Core/Src/stm32g4xx_it.o
                0x0000000008001b04                DMA1_Channel5_IRQHandler
 .text.DMA1_Channel6_IRQHandler
                0x0000000008001b10        0xc ./Core/Src/stm32g4xx_it.o
                0x0000000008001b10                DMA1_Channel6_IRQHandler
 .text.USB_LP_IRQHandler
                0x0000000008001b1c        0xc ./Core/Src/stm32g4xx_it.o
                0x0000000008001b1c                USB_LP_IRQHandler
 .text.FDCAN1_IT0_IRQHandler
                0x0000000008001b28        0xc ./Core/Src/stm32g4xx_it.o
                0x0000000008001b28                FDCAN1_IT0_IRQHandler
 .text.TIM1_UP_TIM16_IRQHandler
                0x0000000008001b34        0xc ./Core/Src/stm32g4xx_it.o
                0x0000000008001b34                TIM1_UP_TIM16_IRQHandler
 .text.USART2_IRQHandler
                0x0000000008001b40        0xc ./Core/Src/stm32g4xx_it.o
                0x0000000008001b40                USART2_IRQHandler
 .text._sbrk    0x0000000008001b4c       0x40 ./Core/Src/sysmem.o
                0x0000000008001b4c                _sbrk
 .text.SystemInit
                0x0000000008001b8c       0x14 ./Core/Src/system_stm32g4xx.o
                0x0000000008001b8c                SystemInit
 .text.setTmc4671State
                0x0000000008001ba0       0x20 ./Core/Src/tmc4671.o
                0x0000000008001ba0                setTmc4671State
 .text.getTmc4671State
                0x0000000008001bc0        0xc ./Core/Src/tmc4671.o
                0x0000000008001bc0                getTmc4671State
 .text.hasTmc4671Failure
                0x0000000008001bcc        0xc ./Core/Src/tmc4671.o
                0x0000000008001bcc                hasTmc4671Failure
 .text.tmc4671_writeInt
                0x0000000008001bd8       0x4c ./Core/Src/tmc4671.o
                0x0000000008001bd8                tmc4671_writeInt
 .text.initTmc4671
                0x0000000008001c24      0x154 ./Core/Src/tmc4671.o
                0x0000000008001c24                initTmc4671
 .text.Reset_Handler
                0x0000000008001d78       0x50 ./Core/Startup/startup_stm32g431cbux.o
                0x0000000008001d78                Reset_Handler
 .text.Default_Handler
                0x0000000008001dc8        0x2 ./Core/Startup/startup_stm32g431cbux.o
                0x0000000008001dc8                TIM1_BRK_TIM15_IRQHandler
                0x0000000008001dc8                EXTI2_IRQHandler
                0x0000000008001dc8                TIM8_TRG_COM_IRQHandler
                0x0000000008001dc8                TIM8_CC_IRQHandler
                0x0000000008001dc8                TIM1_CC_IRQHandler
                0x0000000008001dc8                USB_HP_IRQHandler
                0x0000000008001dc8                CORDIC_IRQHandler
                0x0000000008001dc8                EXTI3_IRQHandler
                0x0000000008001dc8                I2C3_ER_IRQHandler
                0x0000000008001dc8                EXTI0_IRQHandler
                0x0000000008001dc8                I2C2_EV_IRQHandler
                0x0000000008001dc8                FPU_IRQHandler
                0x0000000008001dc8                FDCAN1_IT1_IRQHandler
                0x0000000008001dc8                ADC1_2_IRQHandler
                0x0000000008001dc8                SPI1_IRQHandler
                0x0000000008001dc8                TIM6_DAC_IRQHandler
                0x0000000008001dc8                TIM8_UP_IRQHandler
                0x0000000008001dc8                DMA2_Channel2_IRQHandler
                0x0000000008001dc8                USART3_IRQHandler
                0x0000000008001dc8                TIM4_IRQHandler
                0x0000000008001dc8                DMA2_Channel1_IRQHandler
                0x0000000008001dc8                I2C1_EV_IRQHandler
                0x0000000008001dc8                UART4_IRQHandler
                0x0000000008001dc8                DMA2_Channel4_IRQHandler
                0x0000000008001dc8                TIM3_IRQHandler
                0x0000000008001dc8                RCC_IRQHandler
                0x0000000008001dc8                Default_Handler
                0x0000000008001dc8                RTC_TAMP_LSECSS_IRQHandler
                0x0000000008001dc8                FMAC_IRQHandler
                0x0000000008001dc8                EXTI15_10_IRQHandler
                0x0000000008001dc8                TIM7_IRQHandler
                0x0000000008001dc8                UCPD1_IRQHandler
                0x0000000008001dc8                I2C3_EV_IRQHandler
                0x0000000008001dc8                EXTI9_5_IRQHandler
                0x0000000008001dc8                RTC_WKUP_IRQHandler
                0x0000000008001dc8                PVD_PVM_IRQHandler
                0x0000000008001dc8                SPI2_IRQHandler
                0x0000000008001dc8                DMA2_Channel5_IRQHandler
                0x0000000008001dc8                CRS_IRQHandler
                0x0000000008001dc8                EXTI4_IRQHandler
                0x0000000008001dc8                RNG_IRQHandler
                0x0000000008001dc8                TIM1_TRG_COM_TIM17_IRQHandler
                0x0000000008001dc8                WWDG_IRQHandler
                0x0000000008001dc8                LPUART1_IRQHandler
                0x0000000008001dc8                DMA2_Channel6_IRQHandler
                0x0000000008001dc8                TIM2_IRQHandler
                0x0000000008001dc8                COMP1_2_3_IRQHandler
                0x0000000008001dc8                EXTI1_IRQHandler
                0x0000000008001dc8                I2C2_ER_IRQHandler
                0x0000000008001dc8                TIM8_BRK_IRQHandler
                0x0000000008001dc8                FLASH_IRQHandler
                0x0000000008001dc8                USART1_IRQHandler
                0x0000000008001dc8                SPI3_IRQHandler
                0x0000000008001dc8                I2C1_ER_IRQHandler
                0x0000000008001dc8                LPTIM1_IRQHandler
                0x0000000008001dc8                DMAMUX_OVR_IRQHandler
                0x0000000008001dc8                USBWakeUp_IRQHandler
                0x0000000008001dc8                SAI1_IRQHandler
                0x0000000008001dc8                DMA2_Channel3_IRQHandler
                0x0000000008001dc8                COMP4_IRQHandler
                0x0000000008001dc8                RTC_Alarm_IRQHandler
 .text.HAL_Init
                0x0000000008001dca       0x1e ./Drivers/STM32G4xx_HAL_Driver/Src/stm32g4xx_hal.o
                0x0000000008001dca                HAL_Init
 .text.HAL_IncTick
                0x0000000008001de8       0x18 ./Drivers/STM32G4xx_HAL_Driver/Src/stm32g4xx_hal.o
                0x0000000008001de8                HAL_IncTick
 .text.HAL_GetTick
                0x0000000008001e00        0xc ./Drivers/STM32G4xx_HAL_Driver/Src/stm32g4xx_hal.o
                0x0000000008001e00                HAL_GetTick
 .text.HAL_Delay
                0x0000000008001e0c       0x28 ./Drivers/STM32G4xx_HAL_Driver/Src/stm32g4xx_hal.o
                0x0000000008001e0c                HAL_Delay
 .text.HAL_NVIC_SetPriorityGrouping
                0x0000000008001e34       0x24 ./Drivers/STM32G4xx_HAL_Driver/Src/stm32g4xx_hal_cortex.o
                0x0000000008001e34                HAL_NVIC_SetPriorityGrouping
 .text.HAL_NVIC_SetPriority
                0x0000000008001e58       0x64 ./Drivers/STM32G4xx_HAL_Driver/Src/stm32g4xx_hal_cortex.o
                0x0000000008001e58                HAL_NVIC_SetPriority
 .text.HAL_NVIC_EnableIRQ
                0x0000000008001ebc       0x1c ./Drivers/STM32G4xx_HAL_Driver/Src/stm32g4xx_hal_cortex.o
                0x0000000008001ebc                HAL_NVIC_EnableIRQ
 .text.CRC_Handle_8
                0x0000000008001ed8       0x60 ./Drivers/STM32G4xx_HAL_Driver/Src/stm32g4xx_hal_crc.o
 .text.CRC_Handle_16
                0x0000000008001f38       0x2e ./Drivers/STM32G4xx_HAL_Driver/Src/stm32g4xx_hal_crc.o
 *fill*         0x0000000008001f66        0x2 
 .text.HAL_CRC_Init
                0x0000000008001f68       0x74 ./Drivers/STM32G4xx_HAL_Driver/Src/stm32g4xx_hal_crc.o
                0x0000000008001f68                HAL_CRC_Init
 .text.HAL_CRC_Calculate
                0x0000000008001fdc       0x48 ./Drivers/STM32G4xx_HAL_Driver/Src/stm32g4xx_hal_crc.o
                0x0000000008001fdc                HAL_CRC_Calculate
 .text.HAL_CRCEx_Polynomial_Set
                0x0000000008002024       0x48 ./Drivers/STM32G4xx_HAL_Driver/Src/stm32g4xx_hal_crc_ex.o
                0x0000000008002024                HAL_CRCEx_Polynomial_Set
 .text.DMA_SetConfig
                0x000000000800206c       0x34 ./Drivers/STM32G4xx_HAL_Driver/Src/stm32g4xx_hal_dma.o
 .text.DMA_CalcDMAMUXChannelBaseAndMask
                0x00000000080020a0       0x48 ./Drivers/STM32G4xx_HAL_Driver/Src/stm32g4xx_hal_dma.o
 .text.HAL_DMA_Init
                0x00000000080020e8       0xe4 ./Drivers/STM32G4xx_HAL_Driver/Src/stm32g4xx_hal_dma.o
                0x00000000080020e8                HAL_DMA_Init
 .text.HAL_DMA_Start_IT
                0x00000000080021cc       0x84 ./Drivers/STM32G4xx_HAL_Driver/Src/stm32g4xx_hal_dma.o
                0x00000000080021cc                HAL_DMA_Start_IT
 .text.HAL_DMA_Abort
                0x0000000008002250       0x66 ./Drivers/STM32G4xx_HAL_Driver/Src/stm32g4xx_hal_dma.o
                0x0000000008002250                HAL_DMA_Abort
 .text.HAL_DMA_Abort_IT
                0x00000000080022b6       0x78 ./Drivers/STM32G4xx_HAL_Driver/Src/stm32g4xx_hal_dma.o
                0x00000000080022b6                HAL_DMA_Abort_IT
 .text.HAL_DMA_IRQHandler
                0x000000000800232e       0x94 ./Drivers/STM32G4xx_HAL_Driver/Src/stm32g4xx_hal_dma.o
                0x000000000800232e                HAL_DMA_IRQHandler
 *fill*         0x00000000080023c2        0x2 
 .text.HAL_FDCAN_Init
                0x00000000080023c4      0x1c4 ./Drivers/STM32G4xx_HAL_Driver/Src/stm32g4xx_hal_fdcan.o
                0x00000000080023c4                HAL_FDCAN_Init
 .text.HAL_FDCAN_ConfigFilter
                0x0000000008002588       0x50 ./Drivers/STM32G4xx_HAL_Driver/Src/stm32g4xx_hal_fdcan.o
                0x0000000008002588                HAL_FDCAN_ConfigFilter
 .text.HAL_FDCAN_ConfigGlobalFilter
                0x00000000080025d8       0x3a ./Drivers/STM32G4xx_HAL_Driver/Src/stm32g4xx_hal_fdcan.o
                0x00000000080025d8                HAL_FDCAN_ConfigGlobalFilter
 .text.HAL_FDCAN_ConfigTxDelayCompensation
                0x0000000008002612       0x20 ./Drivers/STM32G4xx_HAL_Driver/Src/stm32g4xx_hal_fdcan.o
                0x0000000008002612                HAL_FDCAN_ConfigTxDelayCompensation
 .text.HAL_FDCAN_EnableTxDelayCompensation
                0x0000000008002632       0x22 ./Drivers/STM32G4xx_HAL_Driver/Src/stm32g4xx_hal_fdcan.o
                0x0000000008002632                HAL_FDCAN_EnableTxDelayCompensation
 .text.HAL_FDCAN_Start
                0x0000000008002654       0x2c ./Drivers/STM32G4xx_HAL_Driver/Src/stm32g4xx_hal_fdcan.o
                0x0000000008002654                HAL_FDCAN_Start
 .text.HAL_FDCAN_AddMessageToTxFifoQ
                0x0000000008002680       0xd0 ./Drivers/STM32G4xx_HAL_Driver/Src/stm32g4xx_hal_fdcan.o
                0x0000000008002680                HAL_FDCAN_AddMessageToTxFifoQ
 .text.HAL_FDCAN_GetRxMessage
                0x0000000008002750       0xd8 ./Drivers/STM32G4xx_HAL_Driver/Src/stm32g4xx_hal_fdcan.o
                0x0000000008002750                HAL_FDCAN_GetRxMessage
 .text.HAL_FDCAN_ActivateNotification
                0x0000000008002828       0xda ./Drivers/STM32G4xx_HAL_Driver/Src/stm32g4xx_hal_fdcan.o
                0x0000000008002828                HAL_FDCAN_ActivateNotification
 .text.HAL_FDCAN_TxEventFifoCallback
                0x0000000008002902        0x2 ./Drivers/STM32G4xx_HAL_Driver/Src/stm32g4xx_hal_fdcan.o
                0x0000000008002902                HAL_FDCAN_TxEventFifoCallback
 .text.HAL_FDCAN_RxFifo1Callback
                0x0000000008002904        0x2 ./Drivers/STM32G4xx_HAL_Driver/Src/stm32g4xx_hal_fdcan.o
                0x0000000008002904                HAL_FDCAN_RxFifo1Callback
 .text.HAL_FDCAN_TxFifoEmptyCallback
                0x0000000008002906        0x2 ./Drivers/STM32G4xx_HAL_Driver/Src/stm32g4xx_hal_fdcan.o
                0x0000000008002906                HAL_FDCAN_TxFifoEmptyCallback
 .text.HAL_FDCAN_TxBufferAbortCallback
                0x0000000008002908        0x2 ./Drivers/STM32G4xx_HAL_Driver/Src/stm32g4xx_hal_fdcan.o
                0x0000000008002908                HAL_FDCAN_TxBufferAbortCallback
 .text.HAL_FDCAN_TimestampWraparoundCallback
                0x000000000800290a        0x2 ./Drivers/STM32G4xx_HAL_Driver/Src/stm32g4xx_hal_fdcan.o
                0x000000000800290a                HAL_FDCAN_TimestampWraparoundCallback
 .text.HAL_FDCAN_TimeoutOccurredCallback
                0x000000000800290c        0x2 ./Drivers/STM32G4xx_HAL_Driver/Src/stm32g4xx_hal_fdcan.o
                0x000000000800290c                HAL_FDCAN_TimeoutOccurredCallback
 .text.HAL_FDCAN_HighPriorityMessageCallback
                0x000000000800290e        0x2 ./Drivers/STM32G4xx_HAL_Driver/Src/stm32g4xx_hal_fdcan.o
                0x000000000800290e                HAL_FDCAN_HighPriorityMessageCallback
 .text.HAL_FDCAN_ErrorCallback
                0x0000000008002910        0x2 ./Drivers/STM32G4xx_HAL_Driver/Src/stm32g4xx_hal_fdcan.o
                0x0000000008002910                HAL_FDCAN_ErrorCallback
 .text.HAL_FDCAN_ErrorStatusCallback
                0x0000000008002912        0x2 ./Drivers/STM32G4xx_HAL_Driver/Src/stm32g4xx_hal_fdcan.o
                0x0000000008002912                HAL_FDCAN_ErrorStatusCallback
 .text.HAL_FDCAN_IRQHandler
                0x0000000008002914      0x15e ./Drivers/STM32G4xx_HAL_Driver/Src/stm32g4xx_hal_fdcan.o
                0x0000000008002914                HAL_FDCAN_IRQHandler
 *fill*         0x0000000008002a72        0x2 
 .text.FLASH_Program_Fast
                0x0000000008002a74       0x2c ./Drivers/STM32G4xx_HAL_Driver/Src/stm32g4xx_hal_flash.o
 .text.HAL_FLASH_Unlock
                0x0000000008002aa0       0x24 ./Drivers/STM32G4xx_HAL_Driver/Src/stm32g4xx_hal_flash.o
                0x0000000008002aa0                HAL_FLASH_Unlock
 .text.HAL_FLASH_Lock
                0x0000000008002ac4       0x18 ./Drivers/STM32G4xx_HAL_Driver/Src/stm32g4xx_hal_flash.o
                0x0000000008002ac4                HAL_FLASH_Lock
 .text.FLASH_WaitForLastOperation
                0x0000000008002adc       0x50 ./Drivers/STM32G4xx_HAL_Driver/Src/stm32g4xx_hal_flash.o
                0x0000000008002adc                FLASH_WaitForLastOperation
 .text.HAL_FLASH_Program
                0x0000000008002b2c       0x88 ./Drivers/STM32G4xx_HAL_Driver/Src/stm32g4xx_hal_flash.o
                0x0000000008002b2c                HAL_FLASH_Program
 .text.FLASH_MassErase
                0x0000000008002bb4       0x20 ./Drivers/STM32G4xx_HAL_Driver/Src/stm32g4xx_hal_flash_ex.o
 .text.FLASH_PageErase
                0x0000000008002bd4       0x28 ./Drivers/STM32G4xx_HAL_Driver/Src/stm32g4xx_hal_flash_ex.o
                0x0000000008002bd4                FLASH_PageErase
 .text.HAL_FLASHEx_Erase_IT
                0x0000000008002bfc       0x88 ./Drivers/STM32G4xx_HAL_Driver/Src/stm32g4xx_hal_flash_ex.o
                0x0000000008002bfc                HAL_FLASHEx_Erase_IT
 .text.FLASH_FlushCaches
                0x0000000008002c84       0x60 ./Drivers/STM32G4xx_HAL_Driver/Src/stm32g4xx_hal_flash_ex.o
                0x0000000008002c84                FLASH_FlushCaches
 .text.HAL_FLASHEx_Erase
                0x0000000008002ce4       0xd4 ./Drivers/STM32G4xx_HAL_Driver/Src/stm32g4xx_hal_flash_ex.o
                0x0000000008002ce4                HAL_FLASHEx_Erase
 .text.HAL_GPIO_Init
                0x0000000008002db8      0x198 ./Drivers/STM32G4xx_HAL_Driver/Src/stm32g4xx_hal_gpio.o
                0x0000000008002db8                HAL_GPIO_Init
 .text.HAL_GPIO_ReadPin
                0x0000000008002f50        0xc ./Drivers/STM32G4xx_HAL_Driver/Src/stm32g4xx_hal_gpio.o
                0x0000000008002f50                HAL_GPIO_ReadPin
 .text.HAL_GPIO_WritePin
                0x0000000008002f5c        0xa ./Drivers/STM32G4xx_HAL_Driver/Src/stm32g4xx_hal_gpio.o
                0x0000000008002f5c                HAL_GPIO_WritePin
 .text.HAL_GPIO_TogglePin
                0x0000000008002f66       0x12 ./Drivers/STM32G4xx_HAL_Driver/Src/stm32g4xx_hal_gpio.o
                0x0000000008002f66                HAL_GPIO_TogglePin
 .text.HAL_PCD_Init
                0x0000000008002f78       0xbc ./Drivers/STM32G4xx_HAL_Driver/Src/stm32g4xx_hal_pcd.o
                0x0000000008002f78                HAL_PCD_Init
 .text.HAL_PCD_Start
                0x0000000008003034       0x2a ./Drivers/STM32G4xx_HAL_Driver/Src/stm32g4xx_hal_pcd.o
                0x0000000008003034                HAL_PCD_Start
 .text.HAL_PCD_SetAddress
                0x000000000800305e       0x28 ./Drivers/STM32G4xx_HAL_Driver/Src/stm32g4xx_hal_pcd.o
                0x000000000800305e                HAL_PCD_SetAddress
 *fill*         0x0000000008003086        0x2 
 .text.HAL_PCD_IRQHandler
                0x0000000008003088      0x9dc ./Drivers/STM32G4xx_HAL_Driver/Src/stm32g4xx_hal_pcd.o
                0x0000000008003088                HAL_PCD_IRQHandler
 .text.HAL_PCD_EP_Open
                0x0000000008003a64       0x6c ./Drivers/STM32G4xx_HAL_Driver/Src/stm32g4xx_hal_pcd.o
                0x0000000008003a64                HAL_PCD_EP_Open
 .text.HAL_PCD_EP_Close
                0x0000000008003ad0       0x5a ./Drivers/STM32G4xx_HAL_Driver/Src/stm32g4xx_hal_pcd.o
                0x0000000008003ad0                HAL_PCD_EP_Close
 .text.HAL_PCD_EP_Receive
                0x0000000008003b2a       0x2c ./Drivers/STM32G4xx_HAL_Driver/Src/stm32g4xx_hal_pcd.o
                0x0000000008003b2a                HAL_PCD_EP_Receive
 .text.HAL_PCD_EP_GetRxCount
                0x0000000008003b56       0x10 ./Drivers/STM32G4xx_HAL_Driver/Src/stm32g4xx_hal_pcd.o
                0x0000000008003b56                HAL_PCD_EP_GetRxCount
 .text.HAL_PCD_EP_Transmit
                0x0000000008003b66       0x40 ./Drivers/STM32G4xx_HAL_Driver/Src/stm32g4xx_hal_pcd.o
                0x0000000008003b66                HAL_PCD_EP_Transmit
 .text.HAL_PCD_EP_SetStall
                0x0000000008003ba6       0x64 ./Drivers/STM32G4xx_HAL_Driver/Src/stm32g4xx_hal_pcd.o
                0x0000000008003ba6                HAL_PCD_EP_SetStall
 .text.HAL_PCD_EP_ClrStall
                0x0000000008003c0a       0x6c ./Drivers/STM32G4xx_HAL_Driver/Src/stm32g4xx_hal_pcd.o
                0x0000000008003c0a                HAL_PCD_EP_ClrStall
 .text.HAL_PCDEx_PMAConfig
                0x0000000008003c76       0x34 ./Drivers/STM32G4xx_HAL_Driver/Src/stm32g4xx_hal_pcd_ex.o
                0x0000000008003c76                HAL_PCDEx_PMAConfig
 .text.HAL_PCDEx_ActivateLPM
                0x0000000008003caa       0x2e ./Drivers/STM32G4xx_HAL_Driver/Src/stm32g4xx_hal_pcd_ex.o
                0x0000000008003caa                HAL_PCDEx_ActivateLPM
 .text.HAL_PWR_EnableBkUpAccess
                0x0000000008003cd8       0x10 ./Drivers/STM32G4xx_HAL_Driver/Src/stm32g4xx_hal_pwr.o
                0x0000000008003cd8                HAL_PWR_EnableBkUpAccess
 .text.HAL_PWR_DisableBkUpAccess
                0x0000000008003ce8       0x10 ./Drivers/STM32G4xx_HAL_Driver/Src/stm32g4xx_hal_pwr.o
                0x0000000008003ce8                HAL_PWR_DisableBkUpAccess
 .text.HAL_PWREx_ControlVoltageScaling
                0x0000000008003cf8       0xb4 ./Drivers/STM32G4xx_HAL_Driver/Src/stm32g4xx_hal_pwr_ex.o
                0x0000000008003cf8                HAL_PWREx_ControlVoltageScaling
 .text.HAL_RCC_OscConfig
                0x0000000008003dac      0x420 ./Drivers/STM32G4xx_HAL_Driver/Src/stm32g4xx_hal_rcc.o
                0x0000000008003dac                HAL_RCC_OscConfig
 .text.HAL_RCC_GetSysClockFreq
                0x00000000080041cc       0x6c ./Drivers/STM32G4xx_HAL_Driver/Src/stm32g4xx_hal_rcc.o
                0x00000000080041cc                HAL_RCC_GetSysClockFreq
 .text.HAL_RCC_ClockConfig
                0x0000000008004238      0x1e8 ./Drivers/STM32G4xx_HAL_Driver/Src/stm32g4xx_hal_rcc.o
                0x0000000008004238                HAL_RCC_ClockConfig
 .text.HAL_RCC_GetPCLK1Freq
                0x0000000008004420       0x24 ./Drivers/STM32G4xx_HAL_Driver/Src/stm32g4xx_hal_rcc.o
                0x0000000008004420                HAL_RCC_GetPCLK1Freq
 .text.HAL_RCC_GetPCLK2Freq
                0x0000000008004444       0x24 ./Drivers/STM32G4xx_HAL_Driver/Src/stm32g4xx_hal_rcc.o
                0x0000000008004444                HAL_RCC_GetPCLK2Freq
 .text.HAL_RCC_GetClockConfig
                0x0000000008004468       0x3c ./Drivers/STM32G4xx_HAL_Driver/Src/stm32g4xx_hal_rcc.o
                0x0000000008004468                HAL_RCC_GetClockConfig
 .text.HAL_RCC_EnableCSS
                0x00000000080044a4       0x10 ./Drivers/STM32G4xx_HAL_Driver/Src/stm32g4xx_hal_rcc.o
                0x00000000080044a4                HAL_RCC_EnableCSS
 .text.HAL_RCC_CSSCallback
                0x00000000080044b4        0x2 ./Drivers/STM32G4xx_HAL_Driver/Src/stm32g4xx_hal_rcc.o
                0x00000000080044b4                HAL_RCC_CSSCallback
 *fill*         0x00000000080044b6        0x2 
 .text.HAL_RCC_NMI_IRQHandler
                0x00000000080044b8       0x1c ./Drivers/STM32G4xx_HAL_Driver/Src/stm32g4xx_hal_rcc.o
                0x00000000080044b8                HAL_RCC_NMI_IRQHandler
 .text.HAL_RCCEx_PeriphCLKConfig
                0x00000000080044d4      0x27c ./Drivers/STM32G4xx_HAL_Driver/Src/stm32g4xx_hal_rcc_ex.o
                0x00000000080044d4                HAL_RCCEx_PeriphCLKConfig
 .text.HAL_RTC_WaitForSynchro
                0x0000000008004750       0x30 ./Drivers/STM32G4xx_HAL_Driver/Src/stm32g4xx_hal_rtc.o
                0x0000000008004750                HAL_RTC_WaitForSynchro
 .text.RTC_EnterInitMode
                0x0000000008004780       0x46 ./Drivers/STM32G4xx_HAL_Driver/Src/stm32g4xx_hal_rtc.o
                0x0000000008004780                RTC_EnterInitMode
 .text.RTC_ExitInitMode
                0x00000000080047c6       0x42 ./Drivers/STM32G4xx_HAL_Driver/Src/stm32g4xx_hal_rtc.o
                0x00000000080047c6                RTC_ExitInitMode
 .text.HAL_RTC_Init
                0x0000000008004808       0x8c ./Drivers/STM32G4xx_HAL_Driver/Src/stm32g4xx_hal_rtc.o
                0x0000000008004808                HAL_RTC_Init
 .text.HAL_RTCEx_BKUPWrite
                0x0000000008004894        0xe ./Drivers/STM32G4xx_HAL_Driver/Src/stm32g4xx_hal_rtc_ex.o
                0x0000000008004894                HAL_RTCEx_BKUPWrite
 .text.HAL_RTCEx_BKUPRead
                0x00000000080048a2        0xe ./Drivers/STM32G4xx_HAL_Driver/Src/stm32g4xx_hal_rtc_ex.o
                0x00000000080048a2                HAL_RTCEx_BKUPRead
 .text.SPI_WaitFifoStateUntilTimeout.constprop.0
                0x00000000080048b0       0xcc ./Drivers/STM32G4xx_HAL_Driver/Src/stm32g4xx_hal_spi.o
 .text.SPI_WaitFlagStateUntilTimeout.constprop.0
                0x000000000800497c       0xa4 ./Drivers/STM32G4xx_HAL_Driver/Src/stm32g4xx_hal_spi.o
 .text.SPI_EndRxTxTransaction
                0x0000000008004a20       0x4a ./Drivers/STM32G4xx_HAL_Driver/Src/stm32g4xx_hal_spi.o
 .text.HAL_SPI_Init
                0x0000000008004a6a       0xdc ./Drivers/STM32G4xx_HAL_Driver/Src/stm32g4xx_hal_spi.o
                0x0000000008004a6a                HAL_SPI_Init
 *fill*         0x0000000008004b46        0x2 
 .text.HAL_SPI_Transmit_DMA
                0x0000000008004b48      0x10c ./Drivers/STM32G4xx_HAL_Driver/Src/stm32g4xx_hal_spi.o
                0x0000000008004b48                HAL_SPI_Transmit_DMA
 .text.HAL_SPI_TxHalfCpltCallback
                0x0000000008004c54        0x2 ./Drivers/STM32G4xx_HAL_Driver/Src/stm32g4xx_hal_spi.o
                0x0000000008004c54                HAL_SPI_TxHalfCpltCallback
 .text.SPI_DMAHalfTransmitCplt
                0x0000000008004c56        0xa ./Drivers/STM32G4xx_HAL_Driver/Src/stm32g4xx_hal_spi.o
 .text.HAL_SPI_ErrorCallback
                0x0000000008004c60        0x2 ./Drivers/STM32G4xx_HAL_Driver/Src/stm32g4xx_hal_spi.o
                0x0000000008004c60                HAL_SPI_ErrorCallback
 .text.SPI_DMAError
                0x0000000008004c62       0x22 ./Drivers/STM32G4xx_HAL_Driver/Src/stm32g4xx_hal_spi.o
 .text.SPI_DMATransmitCplt
                0x0000000008004c84       0x6a ./Drivers/STM32G4xx_HAL_Driver/Src/stm32g4xx_hal_spi.o
 .text.HAL_TIM_Base_MspInit
                0x0000000008004cee        0x2 ./Drivers/STM32G4xx_HAL_Driver/Src/stm32g4xx_hal_tim.o
                0x0000000008004cee                HAL_TIM_Base_MspInit
 .text.HAL_TIM_Base_Start_IT
                0x0000000008004cf0       0x6c ./Drivers/STM32G4xx_HAL_Driver/Src/stm32g4xx_hal_tim.o
                0x0000000008004cf0                HAL_TIM_Base_Start_IT
 .text.HAL_TIM_OC_DelayElapsedCallback
                0x0000000008004d5c        0x2 ./Drivers/STM32G4xx_HAL_Driver/Src/stm32g4xx_hal_tim.o
                0x0000000008004d5c                HAL_TIM_OC_DelayElapsedCallback
 .text.HAL_TIM_IC_CaptureCallback
                0x0000000008004d5e        0x2 ./Drivers/STM32G4xx_HAL_Driver/Src/stm32g4xx_hal_tim.o
                0x0000000008004d5e                HAL_TIM_IC_CaptureCallback
 .text.HAL_TIM_PWM_PulseFinishedCallback
                0x0000000008004d60        0x2 ./Drivers/STM32G4xx_HAL_Driver/Src/stm32g4xx_hal_tim.o
                0x0000000008004d60                HAL_TIM_PWM_PulseFinishedCallback
 .text.HAL_TIM_TriggerCallback
                0x0000000008004d62        0x2 ./Drivers/STM32G4xx_HAL_Driver/Src/stm32g4xx_hal_tim.o
                0x0000000008004d62                HAL_TIM_TriggerCallback
 .text.HAL_TIM_IRQHandler
                0x0000000008004d64      0x1ce ./Drivers/STM32G4xx_HAL_Driver/Src/stm32g4xx_hal_tim.o
                0x0000000008004d64                HAL_TIM_IRQHandler
 *fill*         0x0000000008004f32        0x2 
 .text.TIM_Base_SetConfig
                0x0000000008004f34       0xbc ./Drivers/STM32G4xx_HAL_Driver/Src/stm32g4xx_hal_tim.o
                0x0000000008004f34                TIM_Base_SetConfig
 .text.HAL_TIM_Base_Init
                0x0000000008004ff0       0x60 ./Drivers/STM32G4xx_HAL_Driver/Src/stm32g4xx_hal_tim.o
                0x0000000008004ff0                HAL_TIM_Base_Init
 .text.HAL_TIMEx_CommutCallback
                0x0000000008005050        0x2 ./Drivers/STM32G4xx_HAL_Driver/Src/stm32g4xx_hal_tim_ex.o
                0x0000000008005050                HAL_TIMEx_CommutCallback
 .text.HAL_TIMEx_BreakCallback
                0x0000000008005052        0x2 ./Drivers/STM32G4xx_HAL_Driver/Src/stm32g4xx_hal_tim_ex.o
                0x0000000008005052                HAL_TIMEx_BreakCallback
 .text.HAL_TIMEx_Break2Callback
                0x0000000008005054        0x2 ./Drivers/STM32G4xx_HAL_Driver/Src/stm32g4xx_hal_tim_ex.o
                0x0000000008005054                HAL_TIMEx_Break2Callback
 .text.HAL_TIMEx_EncoderIndexCallback
                0x0000000008005056        0x2 ./Drivers/STM32G4xx_HAL_Driver/Src/stm32g4xx_hal_tim_ex.o
                0x0000000008005056                HAL_TIMEx_EncoderIndexCallback
 .text.HAL_TIMEx_DirectionChangeCallback
                0x0000000008005058        0x2 ./Drivers/STM32G4xx_HAL_Driver/Src/stm32g4xx_hal_tim_ex.o
                0x0000000008005058                HAL_TIMEx_DirectionChangeCallback
 .text.HAL_TIMEx_IndexErrorCallback
                0x000000000800505a        0x2 ./Drivers/STM32G4xx_HAL_Driver/Src/stm32g4xx_hal_tim_ex.o
                0x000000000800505a                HAL_TIMEx_IndexErrorCallback
 .text.HAL_TIMEx_TransitionErrorCallback
                0x000000000800505c        0x2 ./Drivers/STM32G4xx_HAL_Driver/Src/stm32g4xx_hal_tim_ex.o
                0x000000000800505c                HAL_TIMEx_TransitionErrorCallback
 .text.UART_EndTxTransfer
                0x000000000800505e       0x34 ./Drivers/STM32G4xx_HAL_Driver/Src/stm32g4xx_hal_uart.o
 *fill*         0x0000000008005092        0x2 
 .text.UART_EndRxTransfer
                0x0000000008005094       0x58 ./Drivers/STM32G4xx_HAL_Driver/Src/stm32g4xx_hal_uart.o
 .text.HAL_UART_Transmit_DMA
                0x00000000080050ec       0xa8 ./Drivers/STM32G4xx_HAL_Driver/Src/stm32g4xx_hal_uart.o
                0x00000000080050ec                HAL_UART_Transmit_DMA
 .text.UART_DMATransmitCplt
                0x0000000008005194       0x46 ./Drivers/STM32G4xx_HAL_Driver/Src/stm32g4xx_hal_uart.o
 .text.HAL_UART_TxHalfCpltCallback
                0x00000000080051da        0x2 ./Drivers/STM32G4xx_HAL_Driver/Src/stm32g4xx_hal_uart.o
                0x00000000080051da                HAL_UART_TxHalfCpltCallback
 .text.UART_DMATxHalfCplt
                0x00000000080051dc        0xa ./Drivers/STM32G4xx_HAL_Driver/Src/stm32g4xx_hal_uart.o
 .text.HAL_UART_RxHalfCpltCallback
                0x00000000080051e6        0x2 ./Drivers/STM32G4xx_HAL_Driver/Src/stm32g4xx_hal_uart.o
                0x00000000080051e6                HAL_UART_RxHalfCpltCallback
 .text.HAL_UART_ErrorCallback
                0x00000000080051e8        0x2 ./Drivers/STM32G4xx_HAL_Driver/Src/stm32g4xx_hal_uart.o
                0x00000000080051e8                HAL_UART_ErrorCallback
 .text.UART_DMAError
                0x00000000080051ea       0x4a ./Drivers/STM32G4xx_HAL_Driver/Src/stm32g4xx_hal_uart.o
 .text.UART_DMAAbortOnError
                0x0000000008005234       0x14 ./Drivers/STM32G4xx_HAL_Driver/Src/stm32g4xx_hal_uart.o
 .text.HAL_UARTEx_RxEventCallback
                0x0000000008005248        0x2 ./Drivers/STM32G4xx_HAL_Driver/Src/stm32g4xx_hal_uart.o
                0x0000000008005248                HAL_UARTEx_RxEventCallback
 *fill*         0x000000000800524a        0x2 
 .text.HAL_UART_IRQHandler
                0x000000000800524c      0x2e8 ./Drivers/STM32G4xx_HAL_Driver/Src/stm32g4xx_hal_uart.o
                0x000000000800524c                HAL_UART_IRQHandler
 .text.UART_DMARxHalfCplt
                0x0000000008005534       0x1c ./Drivers/STM32G4xx_HAL_Driver/Src/stm32g4xx_hal_uart.o
 .text.UART_DMAReceiveCplt
                0x0000000008005550       0x8a ./Drivers/STM32G4xx_HAL_Driver/Src/stm32g4xx_hal_uart.o
 *fill*         0x00000000080055da        0x2 
 .text.UART_SetConfig
                0x00000000080055dc      0x294 ./Drivers/STM32G4xx_HAL_Driver/Src/stm32g4xx_hal_uart.o
                0x00000000080055dc                UART_SetConfig
 .text.UART_AdvFeatureConfig
                0x0000000008005870       0xa8 ./Drivers/STM32G4xx_HAL_Driver/Src/stm32g4xx_hal_uart.o
                0x0000000008005870                UART_AdvFeatureConfig
 .text.UART_WaitOnFlagUntilTimeout
                0x0000000008005918       0xc4 ./Drivers/STM32G4xx_HAL_Driver/Src/stm32g4xx_hal_uart.o
                0x0000000008005918                UART_WaitOnFlagUntilTimeout
 .text.UART_CheckIdleState
                0x00000000080059dc       0x6a ./Drivers/STM32G4xx_HAL_Driver/Src/stm32g4xx_hal_uart.o
                0x00000000080059dc                UART_CheckIdleState
 *fill*         0x0000000008005a46        0x2 
 .text.UART_Start_Receive_DMA
                0x0000000008005a48       0xa8 ./Drivers/STM32G4xx_HAL_Driver/Src/stm32g4xx_hal_uart.o
                0x0000000008005a48                UART_Start_Receive_DMA
 .text.HAL_UART_Receive_DMA
                0x0000000008005af0       0x54 ./Drivers/STM32G4xx_HAL_Driver/Src/stm32g4xx_hal_uart.o
                0x0000000008005af0                HAL_UART_Receive_DMA
 .text.UARTEx_SetNbDataToProcess
                0x0000000008005b44       0x44 ./Drivers/STM32G4xx_HAL_Driver/Src/stm32g4xx_hal_uart_ex.o
 .text.HAL_RS485Ex_Init
                0x0000000008005b88       0x7e ./Drivers/STM32G4xx_HAL_Driver/Src/stm32g4xx_hal_uart_ex.o
                0x0000000008005b88                HAL_RS485Ex_Init
 .text.HAL_UARTEx_WakeupCallback
                0x0000000008005c06        0x2 ./Drivers/STM32G4xx_HAL_Driver/Src/stm32g4xx_hal_uart_ex.o
                0x0000000008005c06                HAL_UARTEx_WakeupCallback
 .text.HAL_UARTEx_RxFifoFullCallback
                0x0000000008005c08        0x2 ./Drivers/STM32G4xx_HAL_Driver/Src/stm32g4xx_hal_uart_ex.o
                0x0000000008005c08                HAL_UARTEx_RxFifoFullCallback
 .text.HAL_UARTEx_TxFifoEmptyCallback
                0x0000000008005c0a        0x2 ./Drivers/STM32G4xx_HAL_Driver/Src/stm32g4xx_hal_uart_ex.o
                0x0000000008005c0a                HAL_UARTEx_TxFifoEmptyCallback
 .text.HAL_UARTEx_DisableFifoMode
                0x0000000008005c0c       0x36 ./Drivers/STM32G4xx_HAL_Driver/Src/stm32g4xx_hal_uart_ex.o
                0x0000000008005c0c                HAL_UARTEx_DisableFifoMode
 .text.HAL_UARTEx_SetTxFifoThreshold
                0x0000000008005c42       0x48 ./Drivers/STM32G4xx_HAL_Driver/Src/stm32g4xx_hal_uart_ex.o
                0x0000000008005c42                HAL_UARTEx_SetTxFifoThreshold
 .text.HAL_UARTEx_SetRxFifoThreshold
                0x0000000008005c8a       0x48 ./Drivers/STM32G4xx_HAL_Driver/Src/stm32g4xx_hal_uart_ex.o
                0x0000000008005c8a                HAL_UARTEx_SetRxFifoThreshold
 .text.USB_EnableGlobalInt
                0x0000000008005cd2       0x12 ./Drivers/STM32G4xx_HAL_Driver/Src/stm32g4xx_ll_usb.o
                0x0000000008005cd2                USB_EnableGlobalInt
 .text.USB_DisableGlobalInt
                0x0000000008005ce4       0x14 ./Drivers/STM32G4xx_HAL_Driver/Src/stm32g4xx_ll_usb.o
                0x0000000008005ce4                USB_DisableGlobalInt
 .text.USB_DevInit
                0x0000000008005cf8       0x28 ./Drivers/STM32G4xx_HAL_Driver/Src/stm32g4xx_ll_usb.o
                0x0000000008005cf8                USB_DevInit
 .text.USB_ActivateEndpoint
                0x0000000008005d20      0x2ac ./Drivers/STM32G4xx_HAL_Driver/Src/stm32g4xx_ll_usb.o
                0x0000000008005d20                USB_ActivateEndpoint
 .text.USB_DeactivateEndpoint
                0x0000000008005fcc      0x1a2 ./Drivers/STM32G4xx_HAL_Driver/Src/stm32g4xx_ll_usb.o
                0x0000000008005fcc                USB_DeactivateEndpoint
 .text.USB_EPSetStall
                0x000000000800616e       0x40 ./Drivers/STM32G4xx_HAL_Driver/Src/stm32g4xx_ll_usb.o
                0x000000000800616e                USB_EPSetStall
 .text.USB_EPClearStall
                0x00000000080061ae       0x92 ./Drivers/STM32G4xx_HAL_Driver/Src/stm32g4xx_ll_usb.o
                0x00000000080061ae                USB_EPClearStall
 .text.USB_SetDevAddress
                0x0000000008006240        0xc ./Drivers/STM32G4xx_HAL_Driver/Src/stm32g4xx_ll_usb.o
                0x0000000008006240                USB_SetDevAddress
 .text.USB_DevConnect
                0x000000000800624c       0x16 ./Drivers/STM32G4xx_HAL_Driver/Src/stm32g4xx_ll_usb.o
                0x000000000800624c                USB_DevConnect
 .text.USB_ReadInterrupts
                0x0000000008006262        0x8 ./Drivers/STM32G4xx_HAL_Driver/Src/stm32g4xx_ll_usb.o
                0x0000000008006262                USB_ReadInterrupts
 .text.USB_WritePMA
                0x000000000800626a       0x1e ./Drivers/STM32G4xx_HAL_Driver/Src/stm32g4xx_ll_usb.o
                0x000000000800626a                USB_WritePMA
 .text.USB_EPStartXfer
                0x0000000008006288      0x43c ./Drivers/STM32G4xx_HAL_Driver/Src/stm32g4xx_ll_usb.o
                0x0000000008006288                USB_EPStartXfer
 .text.USB_ReadPMA
                0x00000000080066c4       0x36 ./Drivers/STM32G4xx_HAL_Driver/Src/stm32g4xx_ll_usb.o
                0x00000000080066c4                USB_ReadPMA
 .text.GetPageState
                0x00000000080066fa       0x4e ./Middlewares/ST/EEPROM_Emul/Core/eeprom_emul.o
 .text.SetPageState
                0x0000000008006748       0x80 ./Middlewares/ST/EEPROM_Emul/Core/eeprom_emul.o
 .text.EE_Format
                0x00000000080067c8      0x160 ./Middlewares/ST/EEPROM_Emul/Core/eeprom_emul.o
                0x00000000080067c8                EE_Format
 .text.EE_CleanUp
                0x0000000008006928       0xf4 ./Middlewares/ST/EEPROM_Emul/Core/eeprom_emul.o
                0x0000000008006928                EE_CleanUp
 .text.FindPage
                0x0000000008006a1c      0x16c ./Middlewares/ST/EEPROM_Emul/Core/eeprom_emul.o
 .text.EE_CleanUp_IT
                0x0000000008006b88       0xf4 ./Middlewares/ST/EEPROM_Emul/Core/eeprom_emul.o
                0x0000000008006b88                EE_CleanUp_IT
 .text.CalculateCrc
                0x0000000008006c7c       0x18 ./Middlewares/ST/EEPROM_Emul/Core/eeprom_emul.o
                0x0000000008006c7c                CalculateCrc
 .text.ReadVariable
                0x0000000008006c94      0x100 ./Middlewares/ST/EEPROM_Emul/Core/eeprom_emul.o
 .text.EE_ReadVariable32bits
                0x0000000008006d94       0x26 ./Middlewares/ST/EEPROM_Emul/Core/eeprom_emul.o
                0x0000000008006d94                EE_ReadVariable32bits
 *fill*         0x0000000008006dba        0x2 
 .text.VerifyPagesFullWriteVariable
                0x0000000008006dbc       0xb0 ./Middlewares/ST/EEPROM_Emul/Core/eeprom_emul.o
 .text.PagesTransfer
                0x0000000008006e6c      0x2d4 ./Middlewares/ST/EEPROM_Emul/Core/eeprom_emul.o
 .text.EE_Init  0x0000000008007140      0x610 ./Middlewares/ST/EEPROM_Emul/Core/eeprom_emul.o
                0x0000000008007140                EE_Init
 .text.WriteVariable
                0x0000000008007750       0x1e ./Middlewares/ST/EEPROM_Emul/Core/eeprom_emul.o
 .text.EE_WriteVariable32bits
                0x000000000800776e       0x14 ./Middlewares/ST/EEPROM_Emul/Core/eeprom_emul.o
                0x000000000800776e                EE_WriteVariable32bits
 .text.FI_WriteDoubleWord
                0x0000000008007782        0x8 ./Middlewares/ST/EEPROM_Emul/Porting/STM32G4/flash_interface.o
                0x0000000008007782                FI_WriteDoubleWord
 .text.FI_PageErase
                0x000000000800778a       0x24 ./Middlewares/ST/EEPROM_Emul/Porting/STM32G4/flash_interface.o
                0x000000000800778a                FI_PageErase
 .text.FI_PageErase_IT
                0x00000000080077ae       0x20 ./Middlewares/ST/EEPROM_Emul/Porting/STM32G4/flash_interface.o
                0x00000000080077ae                FI_PageErase_IT
 *fill*         0x00000000080077ce        0x2 
 .text.FI_CacheFlush
                0x00000000080077d0       0x28 ./Middlewares/ST/EEPROM_Emul/Porting/STM32G4/flash_interface.o
                0x00000000080077d0                FI_CacheFlush
 .text.FI_CheckBankConfig
                0x00000000080077f8        0x4 ./Middlewares/ST/EEPROM_Emul/Porting/STM32G4/flash_interface.o
                0x00000000080077f8                FI_CheckBankConfig
 .text.USBD_CDC_EP0_RxReady
                0x00000000080077fc       0x2e ./Middlewares/ST/STM32_USB_Device_Library/Class/CDC/Src/usbd_cdc.o
 *fill*         0x000000000800782a        0x2 
 .text.USBD_CDC_GetFSCfgDesc
                0x000000000800782c        0xc ./Middlewares/ST/STM32_USB_Device_Library/Class/CDC/Src/usbd_cdc.o
 .text.USBD_CDC_GetHSCfgDesc
                0x0000000008007838        0xc ./Middlewares/ST/STM32_USB_Device_Library/Class/CDC/Src/usbd_cdc.o
 .text.USBD_CDC_GetOtherSpeedCfgDesc
                0x0000000008007844        0xc ./Middlewares/ST/STM32_USB_Device_Library/Class/CDC/Src/usbd_cdc.o
 .text.USBD_CDC_GetDeviceQualifierDescriptor
                0x0000000008007850        0xc ./Middlewares/ST/STM32_USB_Device_Library/Class/CDC/Src/usbd_cdc.o
                0x0000000008007850                USBD_CDC_GetDeviceQualifierDescriptor
 .text.USBD_CDC_DataOut
                0x000000000800785c       0x2a ./Middlewares/ST/STM32_USB_Device_Library/Class/CDC/Src/usbd_cdc.o
 .text.USBD_CDC_DataIn
                0x0000000008007886       0x5e ./Middlewares/ST/STM32_USB_Device_Library/Class/CDC/Src/usbd_cdc.o
 .text.USBD_CDC_Setup
                0x00000000080078e4       0xf8 ./Middlewares/ST/STM32_USB_Device_Library/Class/CDC/Src/usbd_cdc.o
 .text.USBD_CDC_DeInit
                0x00000000080079dc       0x42 ./Middlewares/ST/STM32_USB_Device_Library/Class/CDC/Src/usbd_cdc.o
 .text.USBD_CDC_Init
                0x0000000008007a1e       0xa6 ./Middlewares/ST/STM32_USB_Device_Library/Class/CDC/Src/usbd_cdc.o
 .text.USBD_CDC_RegisterInterface
                0x0000000008007ac4        0xe ./Middlewares/ST/STM32_USB_Device_Library/Class/CDC/Src/usbd_cdc.o
                0x0000000008007ac4                USBD_CDC_RegisterInterface
 .text.USBD_CDC_SetTxBuffer
                0x0000000008007ad2       0x16 ./Middlewares/ST/STM32_USB_Device_Library/Class/CDC/Src/usbd_cdc.o
                0x0000000008007ad2                USBD_CDC_SetTxBuffer
 .text.USBD_CDC_SetRxBuffer
                0x0000000008007ae8       0x12 ./Middlewares/ST/STM32_USB_Device_Library/Class/CDC/Src/usbd_cdc.o
                0x0000000008007ae8                USBD_CDC_SetRxBuffer
 .text.USBD_CDC_TransmitPacket
                0x0000000008007afa       0x30 ./Middlewares/ST/STM32_USB_Device_Library/Class/CDC/Src/usbd_cdc.o
                0x0000000008007afa                USBD_CDC_TransmitPacket
 .text.USBD_CDC_ReceivePacket
                0x0000000008007b2a       0x2e ./Middlewares/ST/STM32_USB_Device_Library/Class/CDC/Src/usbd_cdc.o
                0x0000000008007b2a                USBD_CDC_ReceivePacket
 .text.USBD_Init
                0x0000000008007b58       0x26 ./Middlewares/ST/STM32_USB_Device_Library/Core/Src/usbd_core.o
                0x0000000008007b58                USBD_Init
 .text.USBD_RegisterClass
                0x0000000008007b7e       0x2c ./Middlewares/ST/STM32_USB_Device_Library/Core/Src/usbd_core.o
                0x0000000008007b7e                USBD_RegisterClass
 .text.USBD_Start
                0x0000000008007baa        0x4 ./Middlewares/ST/STM32_USB_Device_Library/Core/Src/usbd_core.o
                0x0000000008007baa                USBD_Start
 .text.USBD_SetClassConfig
                0x0000000008007bae        0xe ./Middlewares/ST/STM32_USB_Device_Library/Core/Src/usbd_core.o
                0x0000000008007bae                USBD_SetClassConfig
 .text.USBD_ClrClassConfig
                0x0000000008007bbc       0x10 ./Middlewares/ST/STM32_USB_Device_Library/Core/Src/usbd_core.o
                0x0000000008007bbc                USBD_ClrClassConfig
 .text.USBD_LL_SetupStage
                0x0000000008007bcc       0x60 ./Middlewares/ST/STM32_USB_Device_Library/Core/Src/usbd_core.o
                0x0000000008007bcc                USBD_LL_SetupStage
 .text.USBD_LL_DataOutStage
                0x0000000008007c2c       0x60 ./Middlewares/ST/STM32_USB_Device_Library/Core/Src/usbd_core.o
                0x0000000008007c2c                USBD_LL_DataOutStage
 .text.USBD_LL_DataInStage
                0x0000000008007c8c       0xa4 ./Middlewares/ST/STM32_USB_Device_Library/Core/Src/usbd_core.o
                0x0000000008007c8c                USBD_LL_DataInStage
 .text.USBD_LL_Reset
                0x0000000008007d30       0x58 ./Middlewares/ST/STM32_USB_Device_Library/Core/Src/usbd_core.o
                0x0000000008007d30                USBD_LL_Reset
 .text.USBD_LL_SetSpeed
                0x0000000008007d88        0x6 ./Middlewares/ST/STM32_USB_Device_Library/Core/Src/usbd_core.o
                0x0000000008007d88                USBD_LL_SetSpeed
 .text.USBD_LL_Suspend
                0x0000000008007d8e       0x14 ./Middlewares/ST/STM32_USB_Device_Library/Core/Src/usbd_core.o
                0x0000000008007d8e                USBD_LL_Suspend
 .text.USBD_LL_Resume
                0x0000000008007da2       0x16 ./Middlewares/ST/STM32_USB_Device_Library/Core/Src/usbd_core.o
                0x0000000008007da2                USBD_LL_Resume
 .text.USBD_LL_SOF
                0x0000000008007db8       0x22 ./Middlewares/ST/STM32_USB_Device_Library/Core/Src/usbd_core.o
                0x0000000008007db8                USBD_LL_SOF
 .text.USBD_CtlError.constprop.0
                0x0000000008007dda       0x16 ./Middlewares/ST/STM32_USB_Device_Library/Core/Src/usbd_ctlreq.o
 .text.USBD_StdDevReq
                0x0000000008007df0      0x298 ./Middlewares/ST/STM32_USB_Device_Library/Core/Src/usbd_ctlreq.o
                0x0000000008007df0                USBD_StdDevReq
 .text.USBD_StdItfReq
                0x0000000008008088       0x4c ./Middlewares/ST/STM32_USB_Device_Library/Core/Src/usbd_ctlreq.o
                0x0000000008008088                USBD_StdItfReq
 .text.USBD_StdEPReq
                0x00000000080080d4      0x120 ./Middlewares/ST/STM32_USB_Device_Library/Core/Src/usbd_ctlreq.o
                0x00000000080080d4                USBD_StdEPReq
 .text.USBD_ParseSetupRequest
                0x00000000080081f4       0x16 ./Middlewares/ST/STM32_USB_Device_Library/Core/Src/usbd_ctlreq.o
                0x00000000080081f4                USBD_ParseSetupRequest
 .text.USBD_CtlError
                0x000000000800820a       0x16 ./Middlewares/ST/STM32_USB_Device_Library/Core/Src/usbd_ctlreq.o
                0x000000000800820a                USBD_CtlError
 .text.USBD_GetString
                0x0000000008008220       0x38 ./Middlewares/ST/STM32_USB_Device_Library/Core/Src/usbd_ctlreq.o
                0x0000000008008220                USBD_GetString
 .text.USBD_CtlSendData
                0x0000000008008258       0x1a ./Middlewares/ST/STM32_USB_Device_Library/Core/Src/usbd_ioreq.o
                0x0000000008008258                USBD_CtlSendData
 .text.USBD_CtlContinueSendData
                0x0000000008008272       0x10 ./Middlewares/ST/STM32_USB_Device_Library/Core/Src/usbd_ioreq.o
                0x0000000008008272                USBD_CtlContinueSendData
 .text.USBD_CtlPrepareRx
                0x0000000008008282       0x1a ./Middlewares/ST/STM32_USB_Device_Library/Core/Src/usbd_ioreq.o
                0x0000000008008282                USBD_CtlPrepareRx
 .text.USBD_CtlContinueRx
                0x000000000800829c       0x10 ./Middlewares/ST/STM32_USB_Device_Library/Core/Src/usbd_ioreq.o
                0x000000000800829c                USBD_CtlContinueRx
 .text.USBD_CtlSendStatus
                0x00000000080082ac       0x16 ./Middlewares/ST/STM32_USB_Device_Library/Core/Src/usbd_ioreq.o
                0x00000000080082ac                USBD_CtlSendStatus
 .text.USBD_CtlReceiveStatus
                0x00000000080082c2       0x16 ./Middlewares/ST/STM32_USB_Device_Library/Core/Src/usbd_ioreq.o
                0x00000000080082c2                USBD_CtlReceiveStatus
 .text.SysTick_Handler
                0x00000000080082d8       0x1a ./Middlewares/Third_Party/FreeRTOS/Source/CMSIS_RTOS_V2/cmsis_os2.o
                0x00000000080082d8                SysTick_Handler
 *fill*         0x00000000080082f2        0x2 
 .text.osKernelInitialize
                0x00000000080082f4       0x24 ./Middlewares/Third_Party/FreeRTOS/Source/CMSIS_RTOS_V2/cmsis_os2.o
                0x00000000080082f4                osKernelInitialize
 .text.osKernelStart
                0x0000000008008318       0x34 ./Middlewares/Third_Party/FreeRTOS/Source/CMSIS_RTOS_V2/cmsis_os2.o
                0x0000000008008318                osKernelStart
 .text.osKernelLock
                0x000000000800834c       0x2a ./Middlewares/Third_Party/FreeRTOS/Source/CMSIS_RTOS_V2/cmsis_os2.o
                0x000000000800834c                osKernelLock
 .text.osThreadNew
                0x0000000008008376       0x92 ./Middlewares/Third_Party/FreeRTOS/Source/CMSIS_RTOS_V2/cmsis_os2.o
                0x0000000008008376                osThreadNew
 .text.osDelay  0x0000000008008408       0x18 ./Middlewares/Third_Party/FreeRTOS/Source/CMSIS_RTOS_V2/cmsis_os2.o
                0x0000000008008408                osDelay
 .text.osSemaphoreNew
                0x0000000008008420       0x94 ./Middlewares/Third_Party/FreeRTOS/Source/CMSIS_RTOS_V2/cmsis_os2.o
                0x0000000008008420                osSemaphoreNew
 .text.osSemaphoreAcquire
                0x00000000080084b4       0x56 ./Middlewares/Third_Party/FreeRTOS/Source/CMSIS_RTOS_V2/cmsis_os2.o
                0x00000000080084b4                osSemaphoreAcquire
 .text.osSemaphoreRelease
                0x000000000800850a       0x50 ./Middlewares/Third_Party/FreeRTOS/Source/CMSIS_RTOS_V2/cmsis_os2.o
                0x000000000800850a                osSemaphoreRelease
 .text.osMessageQueueNew
                0x000000000800855a       0x76 ./Middlewares/Third_Party/FreeRTOS/Source/CMSIS_RTOS_V2/cmsis_os2.o
                0x000000000800855a                osMessageQueueNew
 .text.osMessageQueuePut
                0x00000000080085d0       0x60 ./Middlewares/Third_Party/FreeRTOS/Source/CMSIS_RTOS_V2/cmsis_os2.o
                0x00000000080085d0                osMessageQueuePut
 .text.osMessageQueueGet
                0x0000000008008630       0x5e ./Middlewares/Third_Party/FreeRTOS/Source/CMSIS_RTOS_V2/cmsis_os2.o
                0x0000000008008630                osMessageQueueGet
 *fill*         0x000000000800868e        0x2 
 .text.vApplicationGetIdleTaskMemory
                0x0000000008008690       0x18 ./Middlewares/Third_Party/FreeRTOS/Source/CMSIS_RTOS_V2/cmsis_os2.o
                0x0000000008008690                vApplicationGetIdleTaskMemory
 .text.vApplicationGetTimerTaskMemory
                0x00000000080086a8       0x18 ./Middlewares/Third_Party/FreeRTOS/Source/CMSIS_RTOS_V2/cmsis_os2.o
                0x00000000080086a8                vApplicationGetTimerTaskMemory
 .text.vListInitialise
                0x00000000080086c0       0x16 ./Middlewares/Third_Party/FreeRTOS/Source/list.o
                0x00000000080086c0                vListInitialise
 .text.vListInitialiseItem
                0x00000000080086d6        0x6 ./Middlewares/Third_Party/FreeRTOS/Source/list.o
                0x00000000080086d6                vListInitialiseItem
 .text.vListInsertEnd
                0x00000000080086dc       0x18 ./Middlewares/Third_Party/FreeRTOS/Source/list.o
                0x00000000080086dc                vListInsertEnd
 .text.vListInsert
                0x00000000080086f4       0x2e ./Middlewares/Third_Party/FreeRTOS/Source/list.o
                0x00000000080086f4                vListInsert
 .text.uxListRemove
                0x0000000008008722       0x20 ./Middlewares/Third_Party/FreeRTOS/Source/list.o
                0x0000000008008722                uxListRemove
 .text.prvIsQueueEmpty
                0x0000000008008742       0x16 ./Middlewares/Third_Party/FreeRTOS/Source/queue.o
 .text.prvCopyDataToQueue
                0x0000000008008758       0x6a ./Middlewares/Third_Party/FreeRTOS/Source/queue.o
 .text.prvCopyDataFromQueue
                0x00000000080087c2       0x2c ./Middlewares/Third_Party/FreeRTOS/Source/queue.o
 .text.prvUnlockQueue
                0x00000000080087ee       0x70 ./Middlewares/Third_Party/FreeRTOS/Source/queue.o
 .text.xQueueGenericReset
                0x000000000800885e       0x7e ./Middlewares/Third_Party/FreeRTOS/Source/queue.o
                0x000000000800885e                xQueueGenericReset
 .text.xQueueGenericCreateStatic
                0x00000000080088dc       0x9c ./Middlewares/Third_Party/FreeRTOS/Source/queue.o
                0x00000000080088dc                xQueueGenericCreateStatic
 .text.xQueueGenericCreate
                0x0000000008008978       0x4e ./Middlewares/Third_Party/FreeRTOS/Source/queue.o
                0x0000000008008978                xQueueGenericCreate
 .text.xQueueCreateCountingSemaphoreStatic
                0x00000000080089c6       0x44 ./Middlewares/Third_Party/FreeRTOS/Source/queue.o
                0x00000000080089c6                xQueueCreateCountingSemaphoreStatic
 .text.xQueueCreateCountingSemaphore
                0x0000000008008a0a       0x3c ./Middlewares/Third_Party/FreeRTOS/Source/queue.o
                0x0000000008008a0a                xQueueCreateCountingSemaphore
 .text.xQueueGenericSend
                0x0000000008008a46      0x166 ./Middlewares/Third_Party/FreeRTOS/Source/queue.o
                0x0000000008008a46                xQueueGenericSend
 .text.xQueueGenericSendFromISR
                0x0000000008008bac       0xc4 ./Middlewares/Third_Party/FreeRTOS/Source/queue.o
                0x0000000008008bac                xQueueGenericSendFromISR
 .text.xQueueGiveFromISR
                0x0000000008008c70       0xa8 ./Middlewares/Third_Party/FreeRTOS/Source/queue.o
                0x0000000008008c70                xQueueGiveFromISR
 .text.xQueueReceive
                0x0000000008008d18      0x13e ./Middlewares/Third_Party/FreeRTOS/Source/queue.o
                0x0000000008008d18                xQueueReceive
 .text.xQueueSemaphoreTake
                0x0000000008008e56      0x186 ./Middlewares/Third_Party/FreeRTOS/Source/queue.o
                0x0000000008008e56                xQueueSemaphoreTake
 .text.xQueueReceiveFromISR
                0x0000000008008fdc       0x9e ./Middlewares/Third_Party/FreeRTOS/Source/queue.o
                0x0000000008008fdc                xQueueReceiveFromISR
 *fill*         0x000000000800907a        0x2 
 .text.vQueueAddToRegistry
                0x000000000800907c       0x24 ./Middlewares/Third_Party/FreeRTOS/Source/queue.o
                0x000000000800907c                vQueueAddToRegistry
 .text.vQueueUnregisterQueue
                0x00000000080090a0       0x28 ./Middlewares/Third_Party/FreeRTOS/Source/queue.o
                0x00000000080090a0                vQueueUnregisterQueue
 .text.vQueueDelete
                0x00000000080090c8       0x2e ./Middlewares/Third_Party/FreeRTOS/Source/queue.o
                0x00000000080090c8                vQueueDelete
 .text.vQueueWaitForMessageRestricted
                0x00000000080090f6       0x46 ./Middlewares/Third_Party/FreeRTOS/Source/queue.o
                0x00000000080090f6                vQueueWaitForMessageRestricted
 .text.prvAddNewTaskToReadyList
                0x000000000800913c      0x100 ./Middlewares/Third_Party/FreeRTOS/Source/tasks.o
 .text.prvAddCurrentTaskToDelayedList
                0x000000000800923c       0x70 ./Middlewares/Third_Party/FreeRTOS/Source/tasks.o
 .text.prvResetNextTaskUnblockTime
                0x00000000080092ac       0x24 ./Middlewares/Third_Party/FreeRTOS/Source/tasks.o
 .text.prvDeleteTCB
                0x00000000080092d0       0x3c ./Middlewares/Third_Party/FreeRTOS/Source/tasks.o
 .text.prvIdleTask
                0x000000000800930c       0x60 ./Middlewares/Third_Party/FreeRTOS/Source/tasks.o
 .text.prvInitialiseNewTask.constprop.0
                0x000000000800936c       0xc0 ./Middlewares/Third_Party/FreeRTOS/Source/tasks.o
 .text.xTaskCreateStatic
                0x000000000800942c       0x70 ./Middlewares/Third_Party/FreeRTOS/Source/tasks.o
                0x000000000800942c                xTaskCreateStatic
 .text.xTaskCreate
                0x000000000800949c       0x5a ./Middlewares/Third_Party/FreeRTOS/Source/tasks.o
                0x000000000800949c                xTaskCreate
 *fill*         0x00000000080094f6        0x2 
 .text.vTaskStartScheduler
                0x00000000080094f8       0xa0 ./Middlewares/Third_Party/FreeRTOS/Source/tasks.o
                0x00000000080094f8                vTaskStartScheduler
 .text.vTaskSuspendAll
                0x0000000008009598       0x10 ./Middlewares/Third_Party/FreeRTOS/Source/tasks.o
                0x0000000008009598                vTaskSuspendAll
 .text.xTaskGetTickCount
                0x00000000080095a8        0xc ./Middlewares/Third_Party/FreeRTOS/Source/tasks.o
                0x00000000080095a8                xTaskGetTickCount
 .text.xTaskIncrementTick
                0x00000000080095b4      0x12c ./Middlewares/Third_Party/FreeRTOS/Source/tasks.o
                0x00000000080095b4                xTaskIncrementTick
 .text.xTaskResumeAll
                0x00000000080096e0       0xe8 ./Middlewares/Third_Party/FreeRTOS/Source/tasks.o
                0x00000000080096e0                xTaskResumeAll
 .text.vTaskDelay
                0x00000000080097c8       0x48 ./Middlewares/Third_Party/FreeRTOS/Source/tasks.o
                0x00000000080097c8                vTaskDelay
 .text.vTaskSwitchContext
                0x0000000008009810       0x80 ./Middlewares/Third_Party/FreeRTOS/Source/tasks.o
                0x0000000008009810                vTaskSwitchContext
 .text.vTaskPlaceOnEventList
                0x0000000008009890       0x34 ./Middlewares/Third_Party/FreeRTOS/Source/tasks.o
                0x0000000008009890                vTaskPlaceOnEventList
 .text.vTaskPlaceOnEventListRestricted
                0x00000000080098c4       0x3c ./Middlewares/Third_Party/FreeRTOS/Source/tasks.o
                0x00000000080098c4                vTaskPlaceOnEventListRestricted
 .text.xTaskRemoveFromEventList
                0x0000000008009900       0x88 ./Middlewares/Third_Party/FreeRTOS/Source/tasks.o
                0x0000000008009900                xTaskRemoveFromEventList
 .text.vTaskInternalSetTimeOutState
                0x0000000008009988       0x18 ./Middlewares/Third_Party/FreeRTOS/Source/tasks.o
                0x0000000008009988                vTaskInternalSetTimeOutState
 .text.xTaskCheckForTimeOut
                0x00000000080099a0       0x78 ./Middlewares/Third_Party/FreeRTOS/Source/tasks.o
                0x00000000080099a0                xTaskCheckForTimeOut
 .text.vTaskMissedYield
                0x0000000008009a18        0xc ./Middlewares/Third_Party/FreeRTOS/Source/tasks.o
                0x0000000008009a18                vTaskMissedYield
 .text.xTaskGetSchedulerState
                0x0000000008009a24       0x20 ./Middlewares/Third_Party/FreeRTOS/Source/tasks.o
                0x0000000008009a24                xTaskGetSchedulerState
 .text.xTaskPriorityInherit
                0x0000000008009a44       0x84 ./Middlewares/Third_Party/FreeRTOS/Source/tasks.o
                0x0000000008009a44                xTaskPriorityInherit
 .text.xTaskPriorityDisinherit
                0x0000000008009ac8       0x88 ./Middlewares/Third_Party/FreeRTOS/Source/tasks.o
                0x0000000008009ac8                xTaskPriorityDisinherit
 .text.vTaskPriorityDisinheritAfterTimeout
                0x0000000008009b50       0xa4 ./Middlewares/Third_Party/FreeRTOS/Source/tasks.o
                0x0000000008009b50                vTaskPriorityDisinheritAfterTimeout
 .text.pvTaskIncrementMutexHeldCount
                0x0000000008009bf4       0x18 ./Middlewares/Third_Party/FreeRTOS/Source/tasks.o
                0x0000000008009bf4                pvTaskIncrementMutexHeldCount
 .text.prvCheckForValidListAndQueue
                0x0000000008009c0c       0x68 ./Middlewares/Third_Party/FreeRTOS/Source/timers.o
 .text.prvInsertTimerInActiveList
                0x0000000008009c74       0x3c ./Middlewares/Third_Party/FreeRTOS/Source/timers.o
 .text.xTimerCreateTimerTask
                0x0000000008009cb0       0x64 ./Middlewares/Third_Party/FreeRTOS/Source/timers.o
                0x0000000008009cb0                xTimerCreateTimerTask
 .text.xTimerGenericCommand
                0x0000000008009d14       0x58 ./Middlewares/Third_Party/FreeRTOS/Source/timers.o
                0x0000000008009d14                xTimerGenericCommand
 .text.prvSampleTimeNow
                0x0000000008009d6c       0xac ./Middlewares/Third_Party/FreeRTOS/Source/timers.o
 .text.prvTimerTask
                0x0000000008009e18      0x1cc ./Middlewares/Third_Party/FreeRTOS/Source/timers.o
 .text.prvPortStartFirstTask
                0x0000000008009fe4       0x28 ./Middlewares/Third_Party/FreeRTOS/Source/portable/GCC/ARM_CM4F/port.o
 .text.vPortEnableVFP
                0x000000000800a00c       0x14 ./Middlewares/Third_Party/FreeRTOS/Source/portable/GCC/ARM_CM4F/port.o
 .text.prvTaskExitError
                0x000000000800a020       0x40 ./Middlewares/Third_Party/FreeRTOS/Source/portable/GCC/ARM_CM4F/port.o
 .text.pxPortInitialiseStack
                0x000000000800a060       0x2c ./Middlewares/Third_Party/FreeRTOS/Source/portable/GCC/ARM_CM4F/port.o
                0x000000000800a060                pxPortInitialiseStack
 *fill*         0x000000000800a08c        0x4 
 .text.SVC_Handler
                0x000000000800a090       0x24 ./Middlewares/Third_Party/FreeRTOS/Source/portable/GCC/ARM_CM4F/port.o
                0x000000000800a090                SVC_Handler
 .text.vPortEnterCritical
                0x000000000800a0b4       0x40 ./Middlewares/Third_Party/FreeRTOS/Source/portable/GCC/ARM_CM4F/port.o
                0x000000000800a0b4                vPortEnterCritical
 .text.vPortExitCritical
                0x000000000800a0f4       0x28 ./Middlewares/Third_Party/FreeRTOS/Source/portable/GCC/ARM_CM4F/port.o
                0x000000000800a0f4                vPortExitCritical
 *fill*         0x000000000800a11c        0x4 
 .text.PendSV_Handler
                0x000000000800a120       0x64 ./Middlewares/Third_Party/FreeRTOS/Source/portable/GCC/ARM_CM4F/port.o
                0x000000000800a120                PendSV_Handler
 .text.xPortSysTickHandler
                0x000000000800a184       0x2c ./Middlewares/Third_Party/FreeRTOS/Source/portable/GCC/ARM_CM4F/port.o
                0x000000000800a184                xPortSysTickHandler
 .text.vPortSetupTimerInterrupt
                0x000000000800a1b0       0x24 ./Middlewares/Third_Party/FreeRTOS/Source/portable/GCC/ARM_CM4F/port.o
                0x000000000800a1b0                vPortSetupTimerInterrupt
 .text.xPortStartScheduler
                0x000000000800a1d4      0x10c ./Middlewares/Third_Party/FreeRTOS/Source/portable/GCC/ARM_CM4F/port.o
                0x000000000800a1d4                xPortStartScheduler
 .text.vPortValidateInterruptPriority
                0x000000000800a2e0       0x5c ./Middlewares/Third_Party/FreeRTOS/Source/portable/GCC/ARM_CM4F/port.o
                0x000000000800a2e0                vPortValidateInterruptPriority
 .text.prvInsertBlockIntoFreeList
                0x000000000800a33c       0x48 ./Middlewares/Third_Party/FreeRTOS/Source/portable/MemMang/heap_4.o
 .text.pvPortMalloc
                0x000000000800a384      0x130 ./Middlewares/Third_Party/FreeRTOS/Source/portable/MemMang/heap_4.o
                0x000000000800a384                pvPortMalloc
 .text.vPortFree
                0x000000000800a4b4       0x7c ./Middlewares/Third_Party/FreeRTOS/Source/portable/MemMang/heap_4.o
                0x000000000800a4b4                vPortFree
 .text.MX_USB_Device_Init
                0x000000000800a530       0x50 ./USB_Device/App/usb_device.o
                0x000000000800a530                MX_USB_Device_Init
 .text.CDC_DeInit_FS
                0x000000000800a580        0x4 ./USB_Device/App/usbd_cdc_if.o
 .text.CDC_Control_FS
                0x000000000800a584       0x48 ./USB_Device/App/usbd_cdc_if.o
 .text.CDC_TransmitCplt_FS
                0x000000000800a5cc       0x14 ./USB_Device/App/usbd_cdc_if.o
 .text.CDC_Receive_FS
                0x000000000800a5e0       0x1c ./USB_Device/App/usbd_cdc_if.o
 .text.CDC_Init_FS
                0x000000000800a5fc       0x28 ./USB_Device/App/usbd_cdc_if.o
 .text.CDC_Transmit_FS
                0x000000000800a624       0x2c ./USB_Device/App/usbd_cdc_if.o
                0x000000000800a624                CDC_Transmit_FS
 .text.USBD_CDC_DeviceDescriptor
                0x000000000800a650        0xc ./USB_Device/App/usbd_desc.o
                0x000000000800a650                USBD_CDC_DeviceDescriptor
 .text.USBD_CDC_LangIDStrDescriptor
                0x000000000800a65c        0xc ./USB_Device/App/usbd_desc.o
                0x000000000800a65c                USBD_CDC_LangIDStrDescriptor
 .text.IntToUnicode
                0x000000000800a668       0x2a ./USB_Device/App/usbd_desc.o
 *fill*         0x000000000800a692        0x2 
 .text.USBD_CDC_SerialStrDescriptor
                0x000000000800a694       0x3c ./USB_Device/App/usbd_desc.o
                0x000000000800a694                USBD_CDC_SerialStrDescriptor
 .text.USBD_CDC_ManufacturerStrDescriptor
                0x000000000800a6d0       0x1c ./USB_Device/App/usbd_desc.o
                0x000000000800a6d0                USBD_CDC_ManufacturerStrDescriptor
 .text.USBD_CDC_ProductStrDescriptor
                0x000000000800a6ec       0x1c ./USB_Device/App/usbd_desc.o
                0x000000000800a6ec                USBD_CDC_ProductStrDescriptor
 .text.USBD_CDC_ConfigStrDescriptor
                0x000000000800a708       0x1c ./USB_Device/App/usbd_desc.o
                0x000000000800a708                USBD_CDC_ConfigStrDescriptor
 .text.USBD_CDC_InterfaceStrDescriptor
                0x000000000800a724       0x1c ./USB_Device/App/usbd_desc.o
                0x000000000800a724                USBD_CDC_InterfaceStrDescriptor
 .text.USBD_Get_USB_Status
                0x000000000800a740       0x10 ./USB_Device/Target/usbd_conf.o
 .text.HAL_PCD_MspInit
                0x000000000800a750       0x60 ./USB_Device/Target/usbd_conf.o
                0x000000000800a750                HAL_PCD_MspInit
 .text.HAL_PCD_SetupStageCallback
                0x000000000800a7b0        0xc ./USB_Device/Target/usbd_conf.o
                0x000000000800a7b0                HAL_PCD_SetupStageCallback
 .text.HAL_PCD_DataOutStageCallback
                0x000000000800a7bc       0x12 ./USB_Device/Target/usbd_conf.o
                0x000000000800a7bc                HAL_PCD_DataOutStageCallback
 .text.HAL_PCD_DataInStageCallback
                0x000000000800a7ce       0x10 ./USB_Device/Target/usbd_conf.o
                0x000000000800a7ce                HAL_PCD_DataInStageCallback
 .text.HAL_PCD_SOFCallback
                0x000000000800a7de        0x8 ./USB_Device/Target/usbd_conf.o
                0x000000000800a7de                HAL_PCD_SOFCallback
 .text.HAL_PCD_ResetCallback
                0x000000000800a7e6       0x24 ./USB_Device/Target/usbd_conf.o
                0x000000000800a7e6                HAL_PCD_ResetCallback
 *fill*         0x000000000800a80a        0x2 
 .text.HAL_PCD_SuspendCallback
                0x000000000800a80c       0x20 ./USB_Device/Target/usbd_conf.o
                0x000000000800a80c                HAL_PCD_SuspendCallback
 .text.HAL_PCD_ResumeCallback
                0x000000000800a82c       0x28 ./USB_Device/Target/usbd_conf.o
                0x000000000800a82c                HAL_PCD_ResumeCallback
 .text.USBD_LL_Init
                0x000000000800a854       0x88 ./USB_Device/Target/usbd_conf.o
                0x000000000800a854                USBD_LL_Init
 .text.USBD_LL_Start
                0x000000000800a8dc       0x12 ./USB_Device/Target/usbd_conf.o
                0x000000000800a8dc                USBD_LL_Start
 .text.USBD_LL_OpenEP
                0x000000000800a8ee       0x18 ./USB_Device/Target/usbd_conf.o
                0x000000000800a8ee                USBD_LL_OpenEP
 .text.USBD_LL_CloseEP
                0x000000000800a906       0x12 ./USB_Device/Target/usbd_conf.o
                0x000000000800a906                USBD_LL_CloseEP
 .text.USBD_LL_StallEP
                0x000000000800a918       0x12 ./USB_Device/Target/usbd_conf.o
                0x000000000800a918                USBD_LL_StallEP
 .text.USBD_LL_ClearStallEP
                0x000000000800a92a       0x12 ./USB_Device/Target/usbd_conf.o
                0x000000000800a92a                USBD_LL_ClearStallEP
 .text.USBD_LL_IsStallEP
                0x000000000800a93c       0x26 ./USB_Device/Target/usbd_conf.o
                0x000000000800a93c                USBD_LL_IsStallEP
 .text.USBD_LL_SetUSBAddress
                0x000000000800a962       0x12 ./USB_Device/Target/usbd_conf.o
                0x000000000800a962                USBD_LL_SetUSBAddress
 .text.USBD_LL_Transmit
                0x000000000800a974       0x12 ./USB_Device/Target/usbd_conf.o
                0x000000000800a974                USBD_LL_Transmit
 .text.USBD_LL_PrepareReceive
                0x000000000800a986       0x12 ./USB_Device/Target/usbd_conf.o
                0x000000000800a986                USBD_LL_PrepareReceive
 .text.USBD_LL_GetRxDataSize
                0x000000000800a998        0x8 ./USB_Device/Target/usbd_conf.o
                0x000000000800a998                USBD_LL_GetRxDataSize
 .text.HAL_PCDEx_LPM_Callback
                0x000000000800a9a0       0x48 ./USB_Device/Target/usbd_conf.o
                0x000000000800a9a0                HAL_PCDEx_LPM_Callback
 .text.USBD_static_malloc
                0x000000000800a9e8        0x8 ./USB_Device/Target/usbd_conf.o
                0x000000000800a9e8                USBD_static_malloc
 .text.USBD_static_free
                0x000000000800a9f0        0x2 ./USB_Device/Target/usbd_conf.o
                0x000000000800a9f0                USBD_static_free
 *fill*         0x000000000800a9f2        0x2 
 .text.__errno  0x000000000800a9f4        0xc /Applications/STM32CubeIDE.app/Contents/Eclipse/plugins/com.st.stm32cube.ide.mcu.externaltools.gnu-tools-for-stm32.10.3-2021.10.macos64_1.0.0.202111181127/tools/bin/../lib/gcc/arm-none-eabi/10.3.1/../../../../arm-none-eabi/lib/thumb/v7e-m+fp/hard/libc_nano.a(lib_a-errno.o)
                0x000000000800a9f4                __errno
 .text.__libc_init_array
                0x000000000800aa00       0x48 /Applications/STM32CubeIDE.app/Contents/Eclipse/plugins/com.st.stm32cube.ide.mcu.externaltools.gnu-tools-for-stm32.10.3-2021.10.macos64_1.0.0.202111181127/tools/bin/../lib/gcc/arm-none-eabi/10.3.1/../../../../arm-none-eabi/lib/thumb/v7e-m+fp/hard/libc_nano.a(lib_a-init.o)
                0x000000000800aa00                __libc_init_array
 .text.__retarget_lock_acquire_recursive
                0x000000000800aa48        0x2 /Applications/STM32CubeIDE.app/Contents/Eclipse/plugins/com.st.stm32cube.ide.mcu.externaltools.gnu-tools-for-stm32.10.3-2021.10.macos64_1.0.0.202111181127/tools/bin/../lib/gcc/arm-none-eabi/10.3.1/../../../../arm-none-eabi/lib/thumb/v7e-m+fp/hard/libc_nano.a(lib_a-lock.o)
                0x000000000800aa48                __retarget_lock_acquire_recursive
 .text.__retarget_lock_release_recursive
                0x000000000800aa4a        0x2 /Applications/STM32CubeIDE.app/Contents/Eclipse/plugins/com.st.stm32cube.ide.mcu.externaltools.gnu-tools-for-stm32.10.3-2021.10.macos64_1.0.0.202111181127/tools/bin/../lib/gcc/arm-none-eabi/10.3.1/../../../../arm-none-eabi/lib/thumb/v7e-m+fp/hard/libc_nano.a(lib_a-lock.o)
                0x000000000800aa4a                __retarget_lock_release_recursive
 .text.memcmp   0x000000000800aa4c       0x20 /Applications/STM32CubeIDE.app/Contents/Eclipse/plugins/com.st.stm32cube.ide.mcu.externaltools.gnu-tools-for-stm32.10.3-2021.10.macos64_1.0.0.202111181127/tools/bin/../lib/gcc/arm-none-eabi/10.3.1/../../../../arm-none-eabi/lib/thumb/v7e-m+fp/hard/libc_nano.a(lib_a-memcmp.o)
                0x000000000800aa4c                memcmp
 .text.memcpy   0x000000000800aa6c       0x1c /Applications/STM32CubeIDE.app/Contents/Eclipse/plugins/com.st.stm32cube.ide.mcu.externaltools.gnu-tools-for-stm32.10.3-2021.10.macos64_1.0.0.202111181127/tools/bin/../lib/gcc/arm-none-eabi/10.3.1/../../../../arm-none-eabi/lib/thumb/v7e-m+fp/hard/libc_nano.a(lib_a-memcpy-stub.o)
                0x000000000800aa6c                memcpy
 .text.memset   0x000000000800aa88       0x10 /Applications/STM32CubeIDE.app/Contents/Eclipse/plugins/com.st.stm32cube.ide.mcu.externaltools.gnu-tools-for-stm32.10.3-2021.10.macos64_1.0.0.202111181127/tools/bin/../lib/gcc/arm-none-eabi/10.3.1/../../../../arm-none-eabi/lib/thumb/v7e-m+fp/hard/libc_nano.a(lib_a-memset.o)
                0x000000000800aa88                memset
 .text.sbrk_aligned
                0x000000000800aa98       0x40 /Applications/STM32CubeIDE.app/Contents/Eclipse/plugins/com.st.stm32cube.ide.mcu.externaltools.gnu-tools-for-stm32.10.3-2021.10.macos64_1.0.0.202111181127/tools/bin/../lib/gcc/arm-none-eabi/10.3.1/../../../../arm-none-eabi/lib/thumb/v7e-m+fp/hard/libc_nano.a(lib_a-nano-mallocr.o)
 .text._malloc_r
                0x000000000800aad8       0xe8 /Applications/STM32CubeIDE.app/Contents/Eclipse/plugins/com.st.stm32cube.ide.mcu.externaltools.gnu-tools-for-stm32.10.3-2021.10.macos64_1.0.0.202111181127/tools/bin/../lib/gcc/arm-none-eabi/10.3.1/../../../../arm-none-eabi/lib/thumb/v7e-m+fp/hard/libc_nano.a(lib_a-nano-mallocr.o)
                0x000000000800aad8                _malloc_r
 .text.cleanup_glue
                0x000000000800abc0       0x1a /Applications/STM32CubeIDE.app/Contents/Eclipse/plugins/com.st.stm32cube.ide.mcu.externaltools.gnu-tools-for-stm32.10.3-2021.10.macos64_1.0.0.202111181127/tools/bin/../lib/gcc/arm-none-eabi/10.3.1/../../../../arm-none-eabi/lib/thumb/v7e-m+fp/hard/libc_nano.a(lib_a-reent.o)
                0x000000000800abc0                cleanup_glue
 *fill*         0x000000000800abda        0x2 
 .text._reclaim_reent
                0x000000000800abdc       0xb8 /Applications/STM32CubeIDE.app/Contents/Eclipse/plugins/com.st.stm32cube.ide.mcu.externaltools.gnu-tools-for-stm32.10.3-2021.10.macos64_1.0.0.202111181127/tools/bin/../lib/gcc/arm-none-eabi/10.3.1/../../../../arm-none-eabi/lib/thumb/v7e-m+fp/hard/libc_nano.a(lib_a-reent.o)
                0x000000000800abdc                _reclaim_reent
 .text._sbrk_r  0x000000000800ac94       0x20 /Applications/STM32CubeIDE.app/Contents/Eclipse/plugins/com.st.stm32cube.ide.mcu.externaltools.gnu-tools-for-stm32.10.3-2021.10.macos64_1.0.0.202111181127/tools/bin/../lib/gcc/arm-none-eabi/10.3.1/../../../../arm-none-eabi/lib/thumb/v7e-m+fp/hard/libc_nano.a(lib_a-sbrkr.o)
                0x000000000800ac94                _sbrk_r
 .text.sprintf  0x000000000800acb4       0x40 /Applications/STM32CubeIDE.app/Contents/Eclipse/plugins/com.st.stm32cube.ide.mcu.externaltools.gnu-tools-for-stm32.10.3-2021.10.macos64_1.0.0.202111181127/tools/bin/../lib/gcc/arm-none-eabi/10.3.1/../../../../arm-none-eabi/lib/thumb/v7e-m+fp/hard/libc_nano.a(lib_a-sprintf.o)
                0x000000000800acb4                sprintf
                0x000000000800acb4                siprintf
 .text.__malloc_lock
                0x000000000800acf4        0xc /Applications/STM32CubeIDE.app/Contents/Eclipse/plugins/com.st.stm32cube.ide.mcu.externaltools.gnu-tools-for-stm32.10.3-2021.10.macos64_1.0.0.202111181127/tools/bin/../lib/gcc/arm-none-eabi/10.3.1/../../../../arm-none-eabi/lib/thumb/v7e-m+fp/hard/libc_nano.a(lib_a-mlock.o)
                0x000000000800acf4                __malloc_lock
 .text.__malloc_unlock
                0x000000000800ad00        0xc /Applications/STM32CubeIDE.app/Contents/Eclipse/plugins/com.st.stm32cube.ide.mcu.externaltools.gnu-tools-for-stm32.10.3-2021.10.macos64_1.0.0.202111181127/tools/bin/../lib/gcc/arm-none-eabi/10.3.1/../../../../arm-none-eabi/lib/thumb/v7e-m+fp/hard/libc_nano.a(lib_a-mlock.o)
                0x000000000800ad00                __malloc_unlock
 .text._free_r  0x000000000800ad0c       0x98 /Applications/STM32CubeIDE.app/Contents/Eclipse/plugins/com.st.stm32cube.ide.mcu.externaltools.gnu-tools-for-stm32.10.3-2021.10.macos64_1.0.0.202111181127/tools/bin/../lib/gcc/arm-none-eabi/10.3.1/../../../../arm-none-eabi/lib/thumb/v7e-m+fp/hard/libc_nano.a(lib_a-nano-freer.o)
                0x000000000800ad0c                _free_r
 .text.__ssputs_r
                0x000000000800ada4       0xb6 /Applications/STM32CubeIDE.app/Contents/Eclipse/plugins/com.st.stm32cube.ide.mcu.externaltools.gnu-tools-for-stm32.10.3-2021.10.macos64_1.0.0.202111181127/tools/bin/../lib/gcc/arm-none-eabi/10.3.1/../../../../arm-none-eabi/lib/thumb/v7e-m+fp/hard/libc_nano.a(lib_a-nano-svfprintf.o)
                0x000000000800ada4                __ssputs_r
 *fill*         0x000000000800ae5a        0x2 
 .text._svfprintf_r
                0x000000000800ae5c      0x200 /Applications/STM32CubeIDE.app/Contents/Eclipse/plugins/com.st.stm32cube.ide.mcu.externaltools.gnu-tools-for-stm32.10.3-2021.10.macos64_1.0.0.202111181127/tools/bin/../lib/gcc/arm-none-eabi/10.3.1/../../../../arm-none-eabi/lib/thumb/v7e-m+fp/hard/libc_nano.a(lib_a-nano-svfprintf.o)
                0x000000000800ae5c                _svfprintf_r
                0x000000000800ae5c                _svfiprintf_r
 .text._printf_common
                0x000000000800b05c       0xda /Applications/STM32CubeIDE.app/Contents/Eclipse/plugins/com.st.stm32cube.ide.mcu.externaltools.gnu-tools-for-stm32.10.3-2021.10.macos64_1.0.0.202111181127/tools/bin/../lib/gcc/arm-none-eabi/10.3.1/../../../../arm-none-eabi/lib/thumb/v7e-m+fp/hard/libc_nano.a(lib_a-nano-vfprintf_i.o)
                0x000000000800b05c                _printf_common
 *fill*         0x000000000800b136        0x2 
 .text._printf_i
                0x000000000800b138      0x24c /Applications/STM32CubeIDE.app/Contents/Eclipse/plugins/com.st.stm32cube.ide.mcu.externaltools.gnu-tools-for-stm32.10.3-2021.10.macos64_1.0.0.202111181127/tools/bin/../lib/gcc/arm-none-eabi/10.3.1/../../../../arm-none-eabi/lib/thumb/v7e-m+fp/hard/libc_nano.a(lib_a-nano-vfprintf_i.o)
                0x000000000800b138                _printf_i
 .text.memmove  0x000000000800b384       0x34 /Applications/STM32CubeIDE.app/Contents/Eclipse/plugins/com.st.stm32cube.ide.mcu.externaltools.gnu-tools-for-stm32.10.3-2021.10.macos64_1.0.0.202111181127/tools/bin/../lib/gcc/arm-none-eabi/10.3.1/../../../../arm-none-eabi/lib/thumb/v7e-m+fp/hard/libc_nano.a(lib_a-memmove.o)
                0x000000000800b384                memmove
 .text._realloc_r