../3rd_party/tmc/ic/TMC4671/TMC4671.c:51:10:tmc4671_readRegister16BitValue	8	static
../3rd_party/tmc/ic/TMC4671/TMC4671.c:68:6:tmc4671_writeRegister16BitValue	16	static
../3rd_party/tmc/ic/TMC4671/TMC4671.c:89:6:tmc4671_switchToMotionMode	8	static
../3rd_party/tmc/ic/TMC4671/TMC4671.c:98:6:tmc4671_setTargetTorque_raw	8	static
../3rd_party/tmc/ic/TMC4671/TMC4671.c:104:9:tmc4671_getTargetTorque_raw	16	static
../3rd_party/tmc/ic/TMC4671/TMC4671.c:118:9:tmc4671_getActualTorque_raw	8	static
../3rd_party/tmc/ic/TMC4671/TMC4671.c:123:9:tmc4671_getActualRampTorque_raw	0	static
../3rd_party/tmc/ic/TMC4671/TMC4671.c:129:6:tmc4671_setTargetTorque_mA	16	static
../3rd_party/tmc/ic/TMC4671/TMC4671.c:135:9:tmc4671_getTargetTorque_mA	8	static
../3rd_party/tmc/ic/TMC4671/TMC4671.c:140:9:tmc4671_getActualTorque_mA	8	static
../3rd_party/tmc/ic/TMC4671/TMC4671.c:145:9:tmc4671_getTargetTorqueFluxSum_mA	24	static
../3rd_party/tmc/ic/TMC4671/TMC4671.c:164:9:tmc4671_getActualTorqueFluxSum_mA	8	static
../3rd_party/tmc/ic/TMC4671/TMC4671.c:172:9:tmc4671_getActualRampTorque_mA	0	static
../3rd_party/tmc/ic/TMC4671/TMC4671.c:179:6:tmc4671_setTargetFlux_raw	0	static
../3rd_party/tmc/ic/TMC4671/TMC4671.c:185:9:tmc4671_getTargetFlux_raw	16	static
../3rd_party/tmc/ic/TMC4671/TMC4671.c:199:9:tmc4671_getActualFlux_raw	8	static
../3rd_party/tmc/ic/TMC4671/TMC4671.c:204:6:tmc4671_setTargetFlux_mA	0	static
../3rd_party/tmc/ic/TMC4671/TMC4671.c:210:9:tmc4671_getTargetFlux_mA	8	static
../3rd_party/tmc/ic/TMC4671/TMC4671.c:215:9:tmc4671_getActualFlux_mA	8	static
../3rd_party/tmc/ic/TMC4671/TMC4671.c:220:6:tmc4671_setTorqueFluxLimit_mA	0	static
../3rd_party/tmc/ic/TMC4671/TMC4671.c:225:9:tmc4671_getTorqueFluxLimit_mA	8	static
../3rd_party/tmc/ic/TMC4671/TMC4671.c:230:6:tmc4671_setTargetVelocity	16	static
../3rd_party/tmc/ic/TMC4671/TMC4671.c:236:9:tmc4671_getTargetVelocity	0	static
../3rd_party/tmc/ic/TMC4671/TMC4671.c:241:9:tmc4671_getActualVelocity	0	static
../3rd_party/tmc/ic/TMC4671/TMC4671.c:246:9:tmc4671_getActualRampVelocity	0	static
../3rd_party/tmc/ic/TMC4671/TMC4671.c:252:6:tmc4671_setAbsolutTargetPosition	16	static
../3rd_party/tmc/ic/TMC4671/TMC4671.c:258:6:tmc4671_setRelativeTargetPosition	8	static
../3rd_party/tmc/ic/TMC4671/TMC4671.c:265:9:tmc4671_getTargetPosition	0	static
../3rd_party/tmc/ic/TMC4671/TMC4671.c:270:6:tmc4671_setActualPosition	0	static
../3rd_party/tmc/ic/TMC4671/TMC4671.c:275:9:tmc4671_getActualPosition	0	static
../3rd_party/tmc/ic/TMC4671/TMC4671.c:280:9:tmc4671_getActualRampPosition	0	static
../3rd_party/tmc/ic/TMC4671/TMC4671.c:287:6:tmc4671_doEncoderInitializationMode0	32	static
../3rd_party/tmc/ic/TMC4671/TMC4671.c:353:9:tmc4671_getS16CircleDifference	0	static
../3rd_party/tmc/ic/TMC4671/TMC4671.c:358:6:tmc4671_doEncoderInitializationMode2	32	static
../3rd_party/tmc/ic/TMC4671/TMC4671.c:423:6:tmc4671_checkEncderInitialization	64	static
../3rd_party/tmc/ic/TMC4671/TMC4671.c:446:6:tmc4671_periodicJob	4	static
../3rd_party/tmc/ic/TMC4671/TMC4671.c:454:6:tmc4671_startEncoderInitialization	0	static
../3rd_party/tmc/ic/TMC4671/TMC4671.c:478:6:tmc4671_updatePhiSelectionAndInitialize	24	static
../3rd_party/tmc/ic/TMC4671/TMC4671.c:495:6:tmc4671_disablePWM	0	static
../3rd_party/tmc/ic/TMC4671/TMC4671.c:500:9:tmc4671_getMotorType	8	static
../3rd_party/tmc/ic/TMC4671/TMC4671.c:505:6:tmc4671_setMotorType	8	static
../3rd_party/tmc/ic/TMC4671/TMC4671.c:510:9:tmc4671_getPolePairs	8	static
../3rd_party/tmc/ic/TMC4671/TMC4671.c:515:6:tmc4671_setPolePairs	8	static
../3rd_party/tmc/ic/TMC4671/TMC4671.c:520:10:tmc4671_getAdcI0Offset	8	static
../3rd_party/tmc/ic/TMC4671/TMC4671.c:525:6:tmc4671_setAdcI0Offset	8	static
../3rd_party/tmc/ic/TMC4671/TMC4671.c:530:10:tmc4671_getAdcI1Offset	8	static
../3rd_party/tmc/ic/TMC4671/TMC4671.c:535:6:tmc4671_setAdcI1Offset	8	static
../3rd_party/tmc/ic/TMC4671/TMC4671.c:540:6:tmc4671_setTorqueFluxPI	16	static
../3rd_party/tmc/ic/TMC4671/TMC4671.c:546:6:tmc4671_setVelocityPI	0	static
../3rd_party/tmc/ic/TMC4671/TMC4671.c:551:6:tmc4671_setPositionPI	0	static
../3rd_party/tmc/ic/TMC4671/TMC4671.c:556:9:tmc4671_readFieldWithDependency	32	static
